#
# There is insufficient memory for the Java Runtime Environment to continue.
# Native memory allocation (malloc) failed to allocate 1156896 bytes. Error detail: Chunk::new
# Possible reasons:
#   The system is out of physical RAM or swap space
#   This process is running with CompressedOops enabled, and the Java Heap may be blocking the growth of the native heap
# Possible solutions:
#   Reduce memory load on the system
#   Increase physical memory or swap space
#   Check if swap backing store is full
#   Decrease Java heap size (-Xmx/-Xms)
#   Decrease number of Java threads
#   Decrease Java thread stack sizes (-Xss)
#   Set larger code cache with -XX:ReservedCodeCacheSize=
#   JVM is running with Unscaled Compressed Oops mode in which the Java heap is
#     placed in the first 4GB address space. The Java Heap base address is the
#     maximum limit for the native heap growth. Please use -XX:HeapBaseMinAddress
#     to set the Java Heap base and to place the Java Heap above 4GB virtual address.
# This output file may be truncated or incomplete.
#
#  Out of Memory Error (arena.cpp:168), pid=43988, tid=25976
#
# JRE version: OpenJDK Runtime Environment Temurin-21.0.11+10 (21.0.11+10) (build 21.0.11+10-LTS)
# Java VM: OpenJDK 64-Bit Server VM Temurin-21.0.11+10 (21.0.11+10-LTS, mixed mode, sharing, tiered, compressed oops, compressed class ptrs, g1 gc, windows-amd64)
# No core dump will be written. Minidumps are not enabled by default on client versions of Windows
#

---------------  S U M M A R Y ------------

Command Line: --add-opens=java.base/java.util=ALL-UNNAMED --add-opens=java.base/java.lang=ALL-UNNAMED --add-opens=java.base/java.lang.invoke=ALL-UNNAMED --add-opens=java.prefs/java.util.prefs=ALL-UNNAMED --add-exports=jdk.compiler/com.sun.tools.javac.api=ALL-UNNAMED --add-exports=jdk.compiler/com.sun.tools.javac.util=ALL-UNNAMED --add-opens=java.base/java.nio.charset=ALL-UNNAMED --add-opens=java.base/java.net=ALL-UNNAMED --add-opens=java.base/java.util.concurrent.atomic=ALL-UNNAMED -XX:MaxMetaspaceSize=384m -XX:+HeapDumpOnOutOfMemoryError -Xms256m -Xmx512m -Dfile.encoding=utf8 -Duser.country=BR -Duser.language=pt -Duser.variant -javaagent:C:\Users\sambalele\.gradle\wrapper\dists\gradle-8.9-bin\90cnw93cvbtalezasaz0blq0a\gradle-8.9\lib\agents\gradle-instrumentation-agent-8.9.jar org.gradle.launcher.daemon.bootstrap.GradleDaemon 8.9

Host: AMD Ryzen 7 5700G with Radeon Graphics         , 16 cores, 15G,  Windows 11 , 64 bit Build 26100 (10.0.26100.8875)
Time: Thu Jul 30 22:51:45 2026 Hora oficial do Brasil elapsed time: 1562.701696 seconds (0d 0h 26m 2s)

---------------  T H R E A D  ---------------

Current thread (0x0000012f1b02c990):  JavaThread "C2 CompilerThread0" daemon [_thread_in_native, id=25976, stack(0x000000151f300000,0x000000151f400000) (1024K)]


Current CompileTask:
C2:1562701 10128   !   4       org.gradle.api.internal.attributes.DefaultImmutableAttributesFactory::doConcatIsolatable (128 bytes)

Stack: [0x000000151f300000,0x000000151f400000]
Native frames: (J=compiled Java code, j=interpreted, Vv=VM code, C=native code)
V  [jvm.dll+0x6d7e19]
V  [jvm.dll+0x8b5096]
V  [jvm.dll+0x8b764e]
V  [jvm.dll+0x8b7d33]
V  [jvm.dll+0x284596]
V  [jvm.dll+0xc685d]
V  [jvm.dll+0xc6da1]
V  [jvm.dll+0x2fb4ee]
V  [jvm.dll+0x5fe9a4]
V  [jvm.dll+0x255d67]
V  [jvm.dll+0x25612d]
V  [jvm.dll+0x24e6a0]
V  [jvm.dll+0x24bbe6]
V  [jvm.dll+0x1cb4ae]
V  [jvm.dll+0x25baad]
V  [jvm.dll+0x25a03a]
V  [jvm.dll+0x3f868e]
V  [jvm.dll+0x85fb0d]
V  [jvm.dll+0x6d664d]
C  [ucrtbase.dll+0x2cd30]
C  [KERNEL32.DLL+0x2e957]
C  [ntdll.dll+0xaad6c]


---------------  P R O C E S S  ---------------

Threads class SMR info:
_java_thread_list=0x0000012f20b5cc20, length=60, elements={
0x0000012f6ba90b70, 0x0000012f1b011670, 0x0000012f1b0120d0, 0x0000012f1b014c70,
0x0000012f1b015a60, 0x0000012f1b0165f0, 0x0000012f1b025440, 0x0000012f1b02c990,
0x0000012f1b02d430, 0x0000012f1b2891b0, 0x0000012f1b289840, 0x0000012f1b288490,
0x0000012f1b288b20, 0x0000012f1b28b280, 0x0000012f1cff3930, 0x0000012f1cff1ef0,
0x0000012f1cff1860, 0x0000012f221eb6b0, 0x0000012f221ed0f0, 0x0000012f221eb020,
0x0000012f221eca60, 0x0000012f221e9c70, 0x0000012f221ede10, 0x0000012f20c7f420,
0x0000012f1fd067e0, 0x0000012f1b28abf0, 0x0000012f20c7ccc0, 0x0000012f20c7bfa0,
0x0000012f20c7e700, 0x0000012f20c7b280, 0x0000012f20c7e070, 0x0000012f20c7d350,
0x0000012f20c7ed90, 0x0000012f20c7fab0, 0x0000012f20c7c630, 0x0000012f20c80140,
0x0000012f20c807d0, 0x0000012f20c80e60, 0x0000012f1bbf4070, 0x0000012f1e406a80,
0x0000012f1e407820, 0x0000012f1e404f40, 0x0000012f1e407150, 0x0000012f20c81b80,
0x0000012f1e407ef0, 0x0000012f20c814f0, 0x0000012f1e404870, 0x0000012f20c82210,
0x0000012f20c828a0, 0x0000012f1fd00570, 0x0000012f1fd02cd0, 0x0000012f1fd039f0,
0x0000012f1fd04080, 0x0000012f1fd02640, 0x0000012f1fd04710, 0x0000012f1fd01290,
0x0000012f1fd04da0, 0x0000012f1fd01920, 0x0000012f1fd05430, 0x0000012f1fd01fb0
}

Java Threads: ( => current thread )
  0x0000012f6ba90b70 JavaThread "main"                              [_thread_blocked, id=20904, stack(0x000000151e500000,0x000000151e600000) (1024K)]
  0x0000012f1b011670 JavaThread "Reference Handler"          daemon [_thread_blocked, id=6476, stack(0x000000151ed00000,0x000000151ee00000) (1024K)]
  0x0000012f1b0120d0 JavaThread "Finalizer"                  daemon [_thread_blocked, id=22536, stack(0x000000151ee00000,0x000000151ef00000) (1024K)]
  0x0000012f1b014c70 JavaThread "Signal Dispatcher"          daemon [_thread_blocked, id=46816, stack(0x000000151ef00000,0x000000151f000000) (1024K)]
  0x0000012f1b015a60 JavaThread "Attach Listener"            daemon [_thread_blocked, id=36008, stack(0x000000151f000000,0x000000151f100000) (1024K)]
  0x0000012f1b0165f0 JavaThread "Service Thread"             daemon [_thread_blocked, id=45036, stack(0x000000151f100000,0x000000151f200000) (1024K)]
  0x0000012f1b025440 JavaThread "Monitor Deflation Thread"   daemon [_thread_blocked, id=46132, stack(0x000000151f200000,0x000000151f300000) (1024K)]
=>0x0000012f1b02c990 JavaThread "C2 CompilerThread0"         daemon [_thread_in_native, id=25976, stack(0x000000151f300000,0x000000151f400000) (1024K)]
  0x0000012f1b02d430 JavaThread "C1 CompilerThread0"         daemon [_thread_blocked, id=31844, stack(0x000000151f400000,0x000000151f500000) (1024K)]
  0x0000012f1b2891b0 JavaThread "Common-Cleaner"             daemon [_thread_blocked, id=11628, stack(0x000000151f700000,0x000000151f800000) (1024K)]
  0x0000012f1b289840 JavaThread "Notification Thread"        daemon [_thread_blocked, id=10732, stack(0x000000151f800000,0x000000151f900000) (1024K)]
  0x0000012f1b288490 JavaThread "Daemon health stats"               [_thread_blocked, id=28248, stack(0x0000001520400000,0x0000001520500000) (1024K)]
  0x0000012f1b288b20 JavaThread "Incoming local TCP Connector on port 54599"        [_thread_in_native, id=44164, stack(0x0000001520500000,0x0000001520600000) (1024K)]
  0x0000012f1b28b280 JavaThread "Daemon periodic checks"            [_thread_blocked, id=25480, stack(0x0000001520600000,0x0000001520700000) (1024K)]
  0x0000012f1cff3930 JavaThread "Cache worker for journal cache (C:\Users\sambalele\.gradle\caches\journal-1)"        [_thread_blocked, id=15128, stack(0x0000001520e00000,0x0000001520f00000) (1024K)]
  0x0000012f1cff1ef0 JavaThread "File lock request listener"        [_thread_in_native, id=35212, stack(0x0000001520f00000,0x0000001521000000) (1024K)]
  0x0000012f1cff1860 JavaThread "Cache worker for file hash cache (C:\Users\sambalele\.gradle\caches\8.9\fileHashes)"        [_thread_blocked, id=41996, stack(0x0000001521000000,0x0000001521100000) (1024K)]
  0x0000012f221eb6b0 JavaThread "File watcher server"        daemon [_thread_in_native, id=29512, stack(0x0000001521a00000,0x0000001521b00000) (1024K)]
  0x0000012f221ed0f0 JavaThread "File watcher consumer"      daemon [_thread_blocked, id=15864, stack(0x0000001521b00000,0x0000001521c00000) (1024K)]
  0x0000012f221eb020 JavaThread "Cache worker for file content cache (C:\Users\sambalele\.gradle\caches\8.9\fileContent)"        [_thread_blocked, id=42112, stack(0x0000001521d00000,0x0000001521e00000) (1024K)]
  0x0000012f221eca60 JavaThread "jar transforms"                    [_thread_blocked, id=24184, stack(0x0000001522000000,0x0000001522100000) (1024K)]
  0x0000012f221e9c70 JavaThread "jar transforms Thread 2"           [_thread_blocked, id=44084, stack(0x0000001522100000,0x0000001522200000) (1024K)]
  0x0000012f221ede10 JavaThread "jar transforms Thread 3"           [_thread_blocked, id=7276, stack(0x0000001522200000,0x0000001522300000) (1024K)]
  0x0000012f20c7f420 JavaThread "jar transforms Thread 4"           [_thread_blocked, id=9988, stack(0x0000001524f00000,0x0000001525000000) (1024K)]
  0x0000012f1fd067e0 JavaThread "jar transforms Thread 5"           [_thread_blocked, id=26240, stack(0x0000001521e00000,0x0000001521f00000) (1024K)]
  0x0000012f1b28abf0 JavaThread "jar transforms Thread 6"           [_thread_blocked, id=27168, stack(0x0000001524100000,0x0000001524200000) (1024K)]
  0x0000012f20c7ccc0 JavaThread "Daemon Thread 2"                   [_thread_blocked, id=44596, stack(0x000000151e200000,0x000000151e300000) (1024K)]
  0x0000012f20c7bfa0 JavaThread "Handler for socket connection from /127.0.0.1:54599 to /127.0.0.1:61222"        [_thread_in_native, id=50516, stack(0x000000151e300000,0x000000151e400000) (1024K)]
  0x0000012f20c7e700 JavaThread "Cancel handler"                    [_thread_blocked, id=42780, stack(0x000000151e400000,0x000000151e500000) (1024K)]
  0x0000012f20c7b280 JavaThread "Daemon worker Thread 2"            [_thread_blocked, id=2252, stack(0x000000151f500000,0x000000151f600000) (1024K)]
  0x0000012f20c7e070 JavaThread "Asynchronous log dispatcher for DefaultDaemonConnection: socket connection from /127.0.0.1:54599 to /127.0.0.1:61222"        [_thread_blocked, id=26300, stack(0x000000151f600000,0x000000151f700000) (1024K)]
  0x0000012f20c7d350 JavaThread "Stdin handler"                     [_thread_blocked, id=23784, stack(0x000000151f900000,0x000000151fa00000) (1024K)]
  0x0000012f20c7ed90 JavaThread "Daemon client event forwarder"        [_thread_blocked, id=4076, stack(0x000000151fa00000,0x000000151fb00000) (1024K)]
  0x0000012f20c7fab0 JavaThread "Cache worker for file hash cache (C:\Users\sambalele\Music\Bancada\Bancada\node_modules\@capacitor\android\capacitor\.gradle\8.9\fileHashes)"        [_thread_blocked, id=23996, stack(0x000000151fb00000,0x000000151fc00000) (1024K)]
  0x0000012f20c7c630 JavaThread "Cache worker for Build Output Cleanup Cache (C:\Users\sambalele\Music\Bancada\Bancada\node_modules\@capacitor\android\capacitor\.gradle\buildOutputCleanup)"        [_thread_blocked, id=50108, stack(0x0000001520700000,0x0000001520800000) (1024K)]
  0x0000012f20c80140 JavaThread "Cache worker for checksums cache (C:\Users\sambalele\Music\Bancada\Bancada\node_modules\@capacitor\android\capacitor\.gradle\8.9\checksums)"        [_thread_blocked, id=50844, stack(0x0000001520800000,0x0000001520900000) (1024K)]
  0x0000012f20c807d0 JavaThread "Cache worker for cache directory md-rule (C:\Users\sambalele\.gradle\caches\8.9\md-rule)"        [_thread_blocked, id=50192, stack(0x0000001520900000,0x0000001520a00000) (1024K)]
  0x0000012f20c80e60 JavaThread "Cache worker for cache directory md-supplier (C:\Users\sambalele\.gradle\caches\8.9\md-supplier)"        [_thread_blocked, id=31592, stack(0x0000001520a00000,0x0000001520b00000) (1024K)]
  0x0000012f1bbf4070 JavaThread "C2 CompilerThread1"         daemon [_thread_in_vm, id=33344, stack(0x0000001520b00000,0x0000001520c00000) (1024K)]
  0x0000012f1e406a80 JavaThread "C2 CompilerThread2"         daemon [_thread_in_native, id=23912, stack(0x0000001520c00000,0x0000001520d00000) (1024K)]
  0x0000012f1e407820 JavaThread "C2 CompilerThread3"         daemon [_thread_in_native, id=31112, stack(0x0000001520d00000,0x0000001520e00000) (1024K)]
  0x0000012f1e404f40 JavaThread "C1 CompilerThread1"         daemon [_thread_blocked, id=27092, stack(0x0000001521100000,0x0000001521200000) (1024K)]
  0x0000012f1e407150 JavaThread "C2 CompilerThread4"         daemon [_thread_in_vm, id=39108, stack(0x0000001521800000,0x0000001521900000) (1024K)]
  0x0000012f20c81b80 JavaThread "Unconstrained build operations"        [_thread_blocked, id=43296, stack(0x0000001521900000,0x0000001521a00000) (1024K)]
  0x0000012f1e407ef0 JavaThread "C1 CompilerThread2"         daemon [_thread_blocked, id=38924, stack(0x0000001521c00000,0x0000001521d00000) (1024K)]
  0x0000012f20c814f0 JavaThread "Unconstrained build operations Thread 2"        [_thread_blocked, id=43456, stack(0x0000001522300000,0x0000001522400000) (1024K)]
  0x0000012f1e404870 JavaThread "C1 CompilerThread3"         daemon [_thread_blocked, id=2432, stack(0x0000001521f00000,0x0000001522000000) (1024K)]
  0x0000012f20c82210 JavaThread "Unconstrained build operations Thread 3"        [_thread_in_native, id=45976, stack(0x0000001522400000,0x0000001522500000) (1024K)]
  0x0000012f20c828a0 JavaThread "Unconstrained build operations Thread 4"        [_thread_blocked, id=23016, stack(0x0000001522500000,0x0000001522600000) (1024K)]
  0x0000012f1fd00570 JavaThread "Unconstrained build operations Thread 5"        [_thread_blocked, id=17104, stack(0x0000001522600000,0x0000001522700000) (1024K)]
  0x0000012f1fd02cd0 JavaThread "Unconstrained build operations Thread 6"        [_thread_blocked, id=51008, stack(0x0000001522700000,0x0000001522800000) (1024K)]
  0x0000012f1fd039f0 JavaThread "Unconstrained build operations Thread 7"        [_thread_blocked, id=38336, stack(0x0000001522800000,0x0000001522900000) (1024K)]
  0x0000012f1fd04080 JavaThread "Unconstrained build operations Thread 8"        [_thread_blocked, id=41008, stack(0x0000001522900000,0x0000001522a00000) (1024K)]
  0x0000012f1fd02640 JavaThread "Unconstrained build operations Thread 9"        [_thread_blocked, id=43444, stack(0x0000001522a00000,0x0000001522b00000) (1024K)]
  0x0000012f1fd04710 JavaThread "Unconstrained build operations Thread 10"        [_thread_blocked, id=46940, stack(0x0000001522b00000,0x0000001522c00000) (1024K)]
  0x0000012f1fd01290 JavaThread "Unconstrained build operations Thread 11"        [_thread_blocked, id=47000, stack(0x0000001522c00000,0x0000001522d00000) (1024K)]
  0x0000012f1fd04da0 JavaThread "Unconstrained build operations Thread 12"        [_thread_blocked, id=47944, stack(0x0000001522d00000,0x0000001522e00000) (1024K)]
  0x0000012f1fd01920 JavaThread "Unconstrained build operations Thread 13"        [_thread_blocked, id=18188, stack(0x0000001522e00000,0x0000001522f00000) (1024K)]
  0x0000012f1fd05430 JavaThread "Unconstrained build operations Thread 14"        [_thread_blocked, id=44504, stack(0x0000001522f00000,0x0000001523000000) (1024K)]
  0x0000012f1fd01fb0 JavaThread "Unconstrained build operations Thread 15"        [_thread_blocked, id=2176, stack(0x0000001523000000,0x0000001523100000) (1024K)]
Total: 60

Other Threads:
  0x0000012f7ff161c0 VMThread "VM Thread"                           [id=11204, stack(0x000000151ec00000,0x000000151ed00000) (1024K)]
  0x0000012f7ff08be0 WatcherThread "VM Periodic Task Thread"        [id=27520, stack(0x000000151eb00000,0x000000151ec00000) (1024K)]
  0x0000012f6babcf10 WorkerThread "GC Thread#0"                     [id=24036, stack(0x000000151e600000,0x000000151e700000) (1024K)]
  0x0000012f1b96ca00 WorkerThread "GC Thread#1"                     [id=43488, stack(0x000000151fd00000,0x000000151fe00000) (1024K)]
  0x0000012f1b99eea0 WorkerThread "GC Thread#2"                     [id=5172, stack(0x000000151fe00000,0x000000151ff00000) (1024K)]
  0x0000012f1b59ef20 WorkerThread "GC Thread#3"                     [id=25596, stack(0x000000151ff00000,0x0000001520000000) (1024K)]
  0x0000012f1b944380 WorkerThread "GC Thread#4"                     [id=40232, stack(0x0000001520000000,0x0000001520100000) (1024K)]
  0x0000012f1b944730 WorkerThread "GC Thread#5"                     [id=9796, stack(0x0000001520100000,0x0000001520200000) (1024K)]
  0x0000012f1cf49150 WorkerThread "GC Thread#6"                     [id=8564, stack(0x000000151fc00000,0x000000151fd00000) (1024K)]
  0x0000012f1d0042c0 WorkerThread "GC Thread#7"                     [id=37932, stack(0x0000001520200000,0x0000001520300000) (1024K)]
  0x0000012f1d004a70 WorkerThread "GC Thread#8"                     [id=26044, stack(0x0000001520300000,0x0000001520400000) (1024K)]
  0x0000012f1d4dabd0 WorkerThread "GC Thread#9"                     [id=32952, stack(0x0000001521200000,0x0000001521300000) (1024K)]
  0x0000012f1d4da820 WorkerThread "GC Thread#10"                    [id=2924, stack(0x0000001521300000,0x0000001521400000) (1024K)]
  0x0000012f1d4d86f0 WorkerThread "GC Thread#11"                    [id=1776, stack(0x0000001521400000,0x0000001521500000) (1024K)]
  0x0000012f1d4d8aa0 WorkerThread "GC Thread#12"                    [id=37220, stack(0x0000001521500000,0x0000001521600000) (1024K)]
  0x0000012f6bac1bb0 ConcurrentGCThread "G1 Main Marker"            [id=24200, stack(0x000000151e700000,0x000000151e800000) (1024K)]
  0x0000012f6bac40a0 WorkerThread "G1 Conc#0"                       [id=46300, stack(0x000000151e800000,0x000000151e900000) (1024K)]
  0x0000012f1d4daf80 WorkerThread "G1 Conc#1"                       [id=24416, stack(0x0000001521600000,0x0000001521700000) (1024K)]
  0x0000012f1d4d7f90 WorkerThread "G1 Conc#2"                       [id=47912, stack(0x0000001521700000,0x0000001521800000) (1024K)]
  0x0000012f7fdd5290 ConcurrentGCThread "G1 Refine#0"               [id=46280, stack(0x000000151e900000,0x000000151ea00000) (1024K)]
  0x0000012f7fdd5ac0 ConcurrentGCThread "G1 Service"                [id=30860, stack(0x000000151ea00000,0x000000151eb00000) (1024K)]
Total: 21

Threads with active compile tasks:
C2 CompilerThread0  1563729 10128   !   4       org.gradle.api.internal.attributes.DefaultImmutableAttributesFactory::doConcatIsolatable (128 bytes)
C2 CompilerThread2  1563729 10148       4       org.gradle.cache.internal.btree.CachingBlockStore::read (56 bytes)
C2 CompilerThread3  1563729 10147       4       org.gradle.cache.internal.btree.FreeListBlockStore::read (12 bytes)
C2 CompilerThread4  1563729 10186       4       org.gradle.internal.component.model.GraphVariantSelector::containsImplicitCapability (121 bytes)
Total: 4

VM state: not at safepoint (normal execution)

VM Mutex/Monitor currently owned by a thread: None

Heap address: 0x00000000e0000000, size: 512 MB, Compressed Oops mode: 32-bit

CDS archive(s) mapped at: [0x0000012f02000000-0x0000012f02ba0000-0x0000012f02ba0000), size 12189696, SharedBaseAddress: 0x0000012f02000000, ArchiveRelocationMode: 1.
Compressed class space mapped at: 0x0000012f03000000-0x0000012f17000000, reserved size: 335544320
Narrow klass base: 0x0000012f02000000, Narrow klass shift: 0, Narrow klass range: 0x100000000

GC Precious Log:
 CardTable entry size: 512
 Card Set container configuration: InlinePtr #cards 5 size 8 Array Of Cards #cards 12 size 40 Howl #buckets 4 coarsen threshold 1843 Howl Bitmap #cards 512 size 80 coarsen threshold 460 Card regions per heap region 1 cards per card region 2048
 CPUs: 16 total, 16 available
 Memory: 16173M
 Large Page Support: Disabled
 NUMA Support: Disabled
 Compressed Oops: Enabled (32-bit)
 Heap Region Size: 1M
 Heap Min Capacity: 256M
 Heap Initial Capacity: 256M
 Heap Max Capacity: 512M
 Pre-touch: Disabled
 Parallel Workers: 13
 Concurrent Workers: 3
 Concurrent Refinement Workers: 13
 Periodic GC: Disabled

Heap:
 garbage-first heap   total 262144K, used 143332K [0x00000000e0000000, 0x0000000100000000)
  region size 1024K, 95 young (97280K), 12 survivors (12288K)
 Metaspace       used 52448K, committed 54272K, reserved 393216K
  class space    used 7441K, committed 8320K, reserved 327680K

Heap Regions: E=young(eden), S=young(survivor), O=old, HS=humongous(starts), HC=humongous(continues), CS=collection set, F=free, TAMS=top-at-mark-start, PB=parsable bottom
|   0|0x00000000e0000000, 0x00000000e0100000, 0x00000000e0100000|100%|HS|  |TAMS 0x00000000e0000000| PB 0x00000000e0000000| Complete 
|   1|0x00000000e0100000, 0x00000000e0200000, 0x00000000e0200000|100%|HC|  |TAMS 0x00000000e0100000| PB 0x00000000e0100000| Complete 
|   2|0x00000000e0200000, 0x00000000e0300000, 0x00000000e0300000|100%|HC|  |TAMS 0x00000000e0200000| PB 0x00000000e0200000| Complete 
|   3|0x00000000e0300000, 0x00000000e0400000, 0x00000000e0400000|100%|HC|  |TAMS 0x00000000e0300000| PB 0x00000000e0300000| Complete 
|   4|0x00000000e0400000, 0x00000000e0500000, 0x00000000e0500000|100%| O|  |TAMS 0x00000000e0400000| PB 0x00000000e0400000| Untracked 
|   5|0x00000000e0500000, 0x00000000e0600000, 0x00000000e0600000|100%| O|  |TAMS 0x00000000e0500000| PB 0x00000000e0500000| Untracked 
|   6|0x00000000e0600000, 0x00000000e0600000, 0x00000000e0700000|  0%| F|  |TAMS 0x00000000e0600000| PB 0x00000000e0600000| Untracked 
|   7|0x00000000e0700000, 0x00000000e0800000, 0x00000000e0800000|100%| O|  |TAMS 0x00000000e0700000| PB 0x00000000e0700000| Untracked 
|   8|0x00000000e0800000, 0x00000000e0900000, 0x00000000e0900000|100%| O|  |TAMS 0x00000000e0800000| PB 0x00000000e0800000| Untracked 
|   9|0x00000000e0900000, 0x00000000e0a00000, 0x00000000e0a00000|100%| O|  |TAMS 0x00000000e0900000| PB 0x00000000e0900000| Untracked 
|  10|0x00000000e0a00000, 0x00000000e0b00000, 0x00000000e0b00000|100%|HS|  |TAMS 0x00000000e0a00000| PB 0x00000000e0a00000| Complete 
|  11|0x00000000e0b00000, 0x00000000e0c00000, 0x00000000e0c00000|100%| O|  |TAMS 0x00000000e0b00000| PB 0x00000000e0b00000| Untracked 
|  12|0x00000000e0c00000, 0x00000000e0d00000, 0x00000000e0d00000|100%| O|  |TAMS 0x00000000e0c00000| PB 0x00000000e0c00000| Untracked 
|  13|0x00000000e0d00000, 0x00000000e0e00000, 0x00000000e0e00000|100%| O|  |TAMS 0x00000000e0d00000| PB 0x00000000e0d00000| Untracked 
|  14|0x00000000e0e00000, 0x00000000e0f00000, 0x00000000e0f00000|100%| O|  |TAMS 0x00000000e0e00000| PB 0x00000000e0e00000| Untracked 
|  15|0x00000000e0f00000, 0x00000000e1000000, 0x00000000e1000000|100%| O|  |TAMS 0x00000000e0f00000| PB 0x00000000e0f00000| Untracked 
|  16|0x00000000e1000000, 0x00000000e1100000, 0x00000000e1100000|100%| O|  |TAMS 0x00000000e1000000| PB 0x00000000e1000000| Untracked 
|  17|0x00000000e1100000, 0x00000000e1200000, 0x00000000e1200000|100%| O|  |TAMS 0x00000000e1100000| PB 0x00000000e1100000| Untracked 
|  18|0x00000000e1200000, 0x00000000e1300000, 0x00000000e1300000|100%| O|  |TAMS 0x00000000e1200000| PB 0x00000000e1200000| Untracked 
|  19|0x00000000e1300000, 0x00000000e1400000, 0x00000000e1400000|100%|HS|  |TAMS 0x00000000e1300000| PB 0x00000000e1300000| Complete 
|  20|0x00000000e1400000, 0x00000000e1500000, 0x00000000e1500000|100%|HS|  |TAMS 0x00000000e1400000| PB 0x00000000e1400000| Complete 
|  21|0x00000000e1500000, 0x00000000e1600000, 0x00000000e1600000|100%|HS|  |TAMS 0x00000000e1500000| PB 0x00000000e1500000| Complete 
|  22|0x00000000e1600000, 0x00000000e1700000, 0x00000000e1700000|100%|HS|  |TAMS 0x00000000e1600000| PB 0x00000000e1600000| Complete 
|  23|0x00000000e1700000, 0x00000000e1700000, 0x00000000e1800000|  0%| F|  |TAMS 0x00000000e1700000| PB 0x00000000e1700000| Untracked 
|  24|0x00000000e1800000, 0x00000000e1900000, 0x00000000e1900000|100%|HS|  |TAMS 0x00000000e1800000| PB 0x00000000e1800000| Complete 
|  25|0x00000000e1900000, 0x00000000e1a00000, 0x00000000e1a00000|100%| O|  |TAMS 0x00000000e1900000| PB 0x00000000e1900000| Untracked 
|  26|0x00000000e1a00000, 0x00000000e1b00000, 0x00000000e1b00000|100%| O|  |TAMS 0x00000000e1a00000| PB 0x00000000e1a00000| Untracked 
|  27|0x00000000e1b00000, 0x00000000e1c00000, 0x00000000e1c00000|100%| O|  |TAMS 0x00000000e1b00000| PB 0x00000000e1b00000| Untracked 
|  28|0x00000000e1c00000, 0x00000000e1d00000, 0x00000000e1d00000|100%| O|  |TAMS 0x00000000e1c00000| PB 0x00000000e1c00000| Untracked 
|  29|0x00000000e1d00000, 0x00000000e1e00000, 0x00000000e1e00000|100%| O|  |TAMS 0x00000000e1d00000| PB 0x00000000e1d00000| Untracked 
|  30|0x00000000e1e00000, 0x00000000e1f00000, 0x00000000e1f00000|100%| O|  |TAMS 0x00000000e1e00000| PB 0x00000000e1e00000| Untracked 
|  31|0x00000000e1f00000, 0x00000000e2000000, 0x00000000e2000000|100%| O|  |TAMS 0x00000000e1f00000| PB 0x00000000e1f00000| Untracked 
|  32|0x00000000e2000000, 0x00000000e2100000, 0x00000000e2100000|100%| O|  |TAMS 0x00000000e2000000| PB 0x00000000e2000000| Untracked 
|  33|0x00000000e2100000, 0x00000000e2200000, 0x00000000e2200000|100%| O|  |TAMS 0x00000000e2100000| PB 0x00000000e2100000| Untracked 
|  34|0x00000000e2200000, 0x00000000e2300000, 0x00000000e2300000|100%| O|  |TAMS 0x00000000e2200000| PB 0x00000000e2200000| Untracked 
|  35|0x00000000e2300000, 0x00000000e2400000, 0x00000000e2400000|100%| O|  |TAMS 0x00000000e2300000| PB 0x00000000e2300000| Untracked 
|  36|0x00000000e2400000, 0x00000000e2500000, 0x00000000e2500000|100%| O|  |TAMS 0x00000000e2400000| PB 0x00000000e2400000| Untracked 
|  37|0x00000000e2500000, 0x00000000e2600000, 0x00000000e2600000|100%| O|  |TAMS 0x00000000e2500000| PB 0x00000000e2500000| Untracked 
|  38|0x00000000e2600000, 0x00000000e2700000, 0x00000000e2700000|100%| O|  |TAMS 0x00000000e2600000| PB 0x00000000e2600000| Untracked 
|  39|0x00000000e2700000, 0x00000000e2800000, 0x00000000e2800000|100%| O|  |TAMS 0x00000000e2700000| PB 0x00000000e2700000| Untracked 
|  40|0x00000000e2800000, 0x00000000e2900000, 0x00000000e2900000|100%| O|  |TAMS 0x00000000e2800000| PB 0x00000000e2800000| Untracked 
|  41|0x00000000e2900000, 0x00000000e2a00000, 0x00000000e2a00000|100%| O|  |TAMS 0x00000000e2900000| PB 0x00000000e2900000| Untracked 
|  42|0x00000000e2a00000, 0x00000000e2b00000, 0x00000000e2b00000|100%| O|  |TAMS 0x00000000e2a00000| PB 0x00000000e2a00000| Untracked 
|  43|0x00000000e2b00000, 0x00000000e2c00000, 0x00000000e2c00000|100%| O|  |TAMS 0x00000000e2b00000| PB 0x00000000e2b00000| Untracked 
|  44|0x00000000e2c00000, 0x00000000e2d00000, 0x00000000e2d00000|100%| O|  |TAMS 0x00000000e2c00000| PB 0x00000000e2c00000| Untracked 
|  45|0x00000000e2d00000, 0x00000000e2e00000, 0x00000000e2e00000|100%| O|  |TAMS 0x00000000e2d00000| PB 0x00000000e2d00000| Untracked 
|  46|0x00000000e2e00000, 0x00000000e2f00000, 0x00000000e2f00000|100%| O|  |TAMS 0x00000000e2e00000| PB 0x00000000e2e00000| Untracked 
|  47|0x00000000e2f00000, 0x00000000e3000000, 0x00000000e3000000|100%| O|  |TAMS 0x00000000e2f00000| PB 0x00000000e2f00000| Untracked 
|  48|0x00000000e3000000, 0x00000000e3048a20, 0x00000000e3100000| 28%| O|  |TAMS 0x00000000e3000000| PB 0x00000000e3000000| Untracked 
|  49|0x00000000e3100000, 0x00000000e3100000, 0x00000000e3200000|  0%| F|  |TAMS 0x00000000e3100000| PB 0x00000000e3100000| Untracked 
|  50|0x00000000e3200000, 0x00000000e3200000, 0x00000000e3300000|  0%| F|  |TAMS 0x00000000e3200000| PB 0x00000000e3200000| Untracked 
|  51|0x00000000e3300000, 0x00000000e3300000, 0x00000000e3400000|  0%| F|  |TAMS 0x00000000e3300000| PB 0x00000000e3300000| Untracked 
|  52|0x00000000e3400000, 0x00000000e3400000, 0x00000000e3500000|  0%| F|  |TAMS 0x00000000e3400000| PB 0x00000000e3400000| Untracked 
|  53|0x00000000e3500000, 0x00000000e3500000, 0x00000000e3600000|  0%| F|  |TAMS 0x00000000e3500000| PB 0x00000000e3500000| Untracked 
|  54|0x00000000e3600000, 0x00000000e3600000, 0x00000000e3700000|  0%| F|  |TAMS 0x00000000e3600000| PB 0x00000000e3600000| Untracked 
|  55|0x00000000e3700000, 0x00000000e3700000, 0x00000000e3800000|  0%| F|  |TAMS 0x00000000e3700000| PB 0x00000000e3700000| Untracked 
|  56|0x00000000e3800000, 0x00000000e3800000, 0x00000000e3900000|  0%| F|  |TAMS 0x00000000e3800000| PB 0x00000000e3800000| Untracked 
|  57|0x00000000e3900000, 0x00000000e3900000, 0x00000000e3a00000|  0%| F|  |TAMS 0x00000000e3900000| PB 0x00000000e3900000| Untracked 
|  58|0x00000000e3a00000, 0x00000000e3a00000, 0x00000000e3b00000|  0%| F|  |TAMS 0x00000000e3a00000| PB 0x00000000e3a00000| Untracked 
|  59|0x00000000e3b00000, 0x00000000e3b00000, 0x00000000e3c00000|  0%| F|  |TAMS 0x00000000e3b00000| PB 0x00000000e3b00000| Untracked 
|  60|0x00000000e3c00000, 0x00000000e3c00000, 0x00000000e3d00000|  0%| F|  |TAMS 0x00000000e3c00000| PB 0x00000000e3c00000| Untracked 
|  61|0x00000000e3d00000, 0x00000000e3d00000, 0x00000000e3e00000|  0%| F|  |TAMS 0x00000000e3d00000| PB 0x00000000e3d00000| Untracked 
|  62|0x00000000e3e00000, 0x00000000e3e00000, 0x00000000e3f00000|  0%| F|  |TAMS 0x00000000e3e00000| PB 0x00000000e3e00000| Untracked 
|  63|0x00000000e3f00000, 0x00000000e3f00000, 0x00000000e4000000|  0%| F|  |TAMS 0x00000000e3f00000| PB 0x00000000e3f00000| Untracked 
|  64|0x00000000e4000000, 0x00000000e4000000, 0x00000000e4100000|  0%| F|  |TAMS 0x00000000e4000000| PB 0x00000000e4000000| Untracked 
|  65|0x00000000e4100000, 0x00000000e4100000, 0x00000000e4200000|  0%| F|  |TAMS 0x00000000e4100000| PB 0x00000000e4100000| Untracked 
|  66|0x00000000e4200000, 0x00000000e4200000, 0x00000000e4300000|  0%| F|  |TAMS 0x00000000e4200000| PB 0x00000000e4200000| Untracked 
|  67|0x00000000e4300000, 0x00000000e4300000, 0x00000000e4400000|  0%| F|  |TAMS 0x00000000e4300000| PB 0x00000000e4300000| Untracked 
|  68|0x00000000e4400000, 0x00000000e4400000, 0x00000000e4500000|  0%| F|  |TAMS 0x00000000e4400000| PB 0x00000000e4400000| Untracked 
|  69|0x00000000e4500000, 0x00000000e4500000, 0x00000000e4600000|  0%| F|  |TAMS 0x00000000e4500000| PB 0x00000000e4500000| Untracked 
|  70|0x00000000e4600000, 0x00000000e4600000, 0x00000000e4700000|  0%| F|  |TAMS 0x00000000e4600000| PB 0x00000000e4600000| Untracked 
|  71|0x00000000e4700000, 0x00000000e4700000, 0x00000000e4800000|  0%| F|  |TAMS 0x00000000e4700000| PB 0x00000000e4700000| Untracked 
|  72|0x00000000e4800000, 0x00000000e4800000, 0x00000000e4900000|  0%| F|  |TAMS 0x00000000e4800000| PB 0x00000000e4800000| Untracked 
|  73|0x00000000e4900000, 0x00000000e4900000, 0x00000000e4a00000|  0%| F|  |TAMS 0x00000000e4900000| PB 0x00000000e4900000| Untracked 
|  74|0x00000000e4a00000, 0x00000000e4a00000, 0x00000000e4b00000|  0%| F|  |TAMS 0x00000000e4a00000| PB 0x00000000e4a00000| Untracked 
|  75|0x00000000e4b00000, 0x00000000e4b00000, 0x00000000e4c00000|  0%| F|  |TAMS 0x00000000e4b00000| PB 0x00000000e4b00000| Untracked 
|  76|0x00000000e4c00000, 0x00000000e4c00000, 0x00000000e4d00000|  0%| F|  |TAMS 0x00000000e4c00000| PB 0x00000000e4c00000| Untracked 
|  77|0x00000000e4d00000, 0x00000000e4d00000, 0x00000000e4e00000|  0%| F|  |TAMS 0x00000000e4d00000| PB 0x00000000e4d00000| Untracked 
|  78|0x00000000e4e00000, 0x00000000e4e00000, 0x00000000e4f00000|  0%| F|  |TAMS 0x00000000e4e00000| PB 0x00000000e4e00000| Untracked 
|  79|0x00000000e4f00000, 0x00000000e4f00000, 0x00000000e5000000|  0%| F|  |TAMS 0x00000000e4f00000| PB 0x00000000e4f00000| Untracked 
|  80|0x00000000e5000000, 0x00000000e5000000, 0x00000000e5100000|  0%| F|  |TAMS 0x00000000e5000000| PB 0x00000000e5000000| Untracked 
|  81|0x00000000e5100000, 0x00000000e5100000, 0x00000000e5200000|  0%| F|  |TAMS 0x00000000e5100000| PB 0x00000000e5100000| Untracked 
|  82|0x00000000e5200000, 0x00000000e5200000, 0x00000000e5300000|  0%| F|  |TAMS 0x00000000e5200000| PB 0x00000000e5200000| Untracked 
|  83|0x00000000e5300000, 0x00000000e5300000, 0x00000000e5400000|  0%| F|  |TAMS 0x00000000e5300000| PB 0x00000000e5300000| Untracked 
|  84|0x00000000e5400000, 0x00000000e5400000, 0x00000000e5500000|  0%| F|  |TAMS 0x00000000e5400000| PB 0x00000000e5400000| Untracked 
|  85|0x00000000e5500000, 0x00000000e5500000, 0x00000000e5600000|  0%| F|  |TAMS 0x00000000e5500000| PB 0x00000000e5500000| Untracked 
|  86|0x00000000e5600000, 0x00000000e5600000, 0x00000000e5700000|  0%| F|  |TAMS 0x00000000e5600000| PB 0x00000000e5600000| Untracked 
|  87|0x00000000e5700000, 0x00000000e5700000, 0x00000000e5800000|  0%| F|  |TAMS 0x00000000e5700000| PB 0x00000000e5700000| Untracked 
|  88|0x00000000e5800000, 0x00000000e5800000, 0x00000000e5900000|  0%| F|  |TAMS 0x00000000e5800000| PB 0x00000000e5800000| Untracked 
|  89|0x00000000e5900000, 0x00000000e5900000, 0x00000000e5a00000|  0%| F|  |TAMS 0x00000000e5900000| PB 0x00000000e5900000| Untracked 
|  90|0x00000000e5a00000, 0x00000000e5a00000, 0x00000000e5b00000|  0%| F|  |TAMS 0x00000000e5a00000| PB 0x00000000e5a00000| Untracked 
|  91|0x00000000e5b00000, 0x00000000e5b00000, 0x00000000e5c00000|  0%| F|  |TAMS 0x00000000e5b00000| PB 0x00000000e5b00000| Untracked 
|  92|0x00000000e5c00000, 0x00000000e5c00000, 0x00000000e5d00000|  0%| F|  |TAMS 0x00000000e5c00000| PB 0x00000000e5c00000| Untracked 
|  93|0x00000000e5d00000, 0x00000000e5d00000, 0x00000000e5e00000|  0%| F|  |TAMS 0x00000000e5d00000| PB 0x00000000e5d00000| Untracked 
|  94|0x00000000e5e00000, 0x00000000e5e00000, 0x00000000e5f00000|  0%| F|  |TAMS 0x00000000e5e00000| PB 0x00000000e5e00000| Untracked 
|  95|0x00000000e5f00000, 0x00000000e5f00000, 0x00000000e6000000|  0%| F|  |TAMS 0x00000000e5f00000| PB 0x00000000e5f00000| Untracked 
|  96|0x00000000e6000000, 0x00000000e6000000, 0x00000000e6100000|  0%| F|  |TAMS 0x00000000e6000000| PB 0x00000000e6000000| Untracked 
|  97|0x00000000e6100000, 0x00000000e6100000, 0x00000000e6200000|  0%| F|  |TAMS 0x00000000e6100000| PB 0x00000000e6100000| Untracked 
|  98|0x00000000e6200000, 0x00000000e6200000, 0x00000000e6300000|  0%| F|  |TAMS 0x00000000e6200000| PB 0x00000000e6200000| Untracked 
|  99|0x00000000e6300000, 0x00000000e6300000, 0x00000000e6400000|  0%| F|  |TAMS 0x00000000e6300000| PB 0x00000000e6300000| Untracked 
| 100|0x00000000e6400000, 0x00000000e6400000, 0x00000000e6500000|  0%| F|  |TAMS 0x00000000e6400000| PB 0x00000000e6400000| Untracked 
| 101|0x00000000e6500000, 0x00000000e6500000, 0x00000000e6600000|  0%| F|  |TAMS 0x00000000e6500000| PB 0x00000000e6500000| Untracked 
| 102|0x00000000e6600000, 0x00000000e6600000, 0x00000000e6700000|  0%| F|  |TAMS 0x00000000e6600000| PB 0x00000000e6600000| Untracked 
| 103|0x00000000e6700000, 0x00000000e6700000, 0x00000000e6800000|  0%| F|  |TAMS 0x00000000e6700000| PB 0x00000000e6700000| Untracked 
| 104|0x00000000e6800000, 0x00000000e6800000, 0x00000000e6900000|  0%| F|  |TAMS 0x00000000e6800000| PB 0x00000000e6800000| Untracked 
| 105|0x00000000e6900000, 0x00000000e6900000, 0x00000000e6a00000|  0%| F|  |TAMS 0x00000000e6900000| PB 0x00000000e6900000| Untracked 
| 106|0x00000000e6a00000, 0x00000000e6a00000, 0x00000000e6b00000|  0%| F|  |TAMS 0x00000000e6a00000| PB 0x00000000e6a00000| Untracked 
| 107|0x00000000e6b00000, 0x00000000e6b00000, 0x00000000e6c00000|  0%| F|  |TAMS 0x00000000e6b00000| PB 0x00000000e6b00000| Untracked 
| 108|0x00000000e6c00000, 0x00000000e6c00000, 0x00000000e6d00000|  0%| F|  |TAMS 0x00000000e6c00000| PB 0x00000000e6c00000| Untracked 
| 109|0x00000000e6d00000, 0x00000000e6d00000, 0x00000000e6e00000|  0%| F|  |TAMS 0x00000000e6d00000| PB 0x00000000e6d00000| Untracked 
| 110|0x00000000e6e00000, 0x00000000e6eb07f0, 0x00000000e6f00000| 68%| S|CS|TAMS 0x00000000e6e00000| PB 0x00000000e6e00000| Complete 
| 111|0x00000000e6f00000, 0x00000000e7000000, 0x00000000e7000000|100%| S|CS|TAMS 0x00000000e6f00000| PB 0x00000000e6f00000| Complete 
| 112|0x00000000e7000000, 0x00000000e7100000, 0x00000000e7100000|100%| S|CS|TAMS 0x00000000e7000000| PB 0x00000000e7000000| Complete 
| 113|0x00000000e7100000, 0x00000000e7200000, 0x00000000e7200000|100%| S|CS|TAMS 0x00000000e7100000| PB 0x00000000e7100000| Complete 
| 114|0x00000000e7200000, 0x00000000e7300000, 0x00000000e7300000|100%| S|CS|TAMS 0x00000000e7200000| PB 0x00000000e7200000| Complete 
| 115|0x00000000e7300000, 0x00000000e7400000, 0x00000000e7400000|100%| S|CS|TAMS 0x00000000e7300000| PB 0x00000000e7300000| Complete 
| 116|0x00000000e7400000, 0x00000000e7500000, 0x00000000e7500000|100%| S|CS|TAMS 0x00000000e7400000| PB 0x00000000e7400000| Complete 
| 117|0x00000000e7500000, 0x00000000e7600000, 0x00000000e7600000|100%| S|CS|TAMS 0x00000000e7500000| PB 0x00000000e7500000| Complete 
| 118|0x00000000e7600000, 0x00000000e7700000, 0x00000000e7700000|100%| S|CS|TAMS 0x00000000e7600000| PB 0x00000000e7600000| Complete 
| 119|0x00000000e7700000, 0x00000000e7800000, 0x00000000e7800000|100%| S|CS|TAMS 0x00000000e7700000| PB 0x00000000e7700000| Complete 
| 120|0x00000000e7800000, 0x00000000e7900000, 0x00000000e7900000|100%| S|CS|TAMS 0x00000000e7800000| PB 0x00000000e7800000| Complete 
| 121|0x00000000e7900000, 0x00000000e7a00000, 0x00000000e7a00000|100%| S|CS|TAMS 0x00000000e7900000| PB 0x00000000e7900000| Complete 
| 122|0x00000000e7a00000, 0x00000000e7a00000, 0x00000000e7b00000|  0%| F|  |TAMS 0x00000000e7a00000| PB 0x00000000e7a00000| Untracked 
| 123|0x00000000e7b00000, 0x00000000e7b00000, 0x00000000e7c00000|  0%| F|  |TAMS 0x00000000e7b00000| PB 0x00000000e7b00000| Untracked 
| 124|0x00000000e7c00000, 0x00000000e7c00000, 0x00000000e7d00000|  0%| F|  |TAMS 0x00000000e7c00000| PB 0x00000000e7c00000| Untracked 
| 125|0x00000000e7d00000, 0x00000000e7d00000, 0x00000000e7e00000|  0%| F|  |TAMS 0x00000000e7d00000| PB 0x00000000e7d00000| Untracked 
| 126|0x00000000e7e00000, 0x00000000e7e00000, 0x00000000e7f00000|  0%| F|  |TAMS 0x00000000e7e00000| PB 0x00000000e7e00000| Untracked 
| 127|0x00000000e7f00000, 0x00000000e7f00000, 0x00000000e8000000|  0%| F|  |TAMS 0x00000000e7f00000| PB 0x00000000e7f00000| Untracked 
| 128|0x00000000e8000000, 0x00000000e8000000, 0x00000000e8100000|  0%| F|  |TAMS 0x00000000e8000000| PB 0x00000000e8000000| Untracked 
| 129|0x00000000e8100000, 0x00000000e8100000, 0x00000000e8200000|  0%| F|  |TAMS 0x00000000e8100000| PB 0x00000000e8100000| Untracked 
| 130|0x00000000e8200000, 0x00000000e8200000, 0x00000000e8300000|  0%| F|  |TAMS 0x00000000e8200000| PB 0x00000000e8200000| Untracked 
| 131|0x00000000e8300000, 0x00000000e8300000, 0x00000000e8400000|  0%| F|  |TAMS 0x00000000e8300000| PB 0x00000000e8300000| Untracked 
| 132|0x00000000e8400000, 0x00000000e8400000, 0x00000000e8500000|  0%| F|  |TAMS 0x00000000e8400000| PB 0x00000000e8400000| Untracked 
| 133|0x00000000e8500000, 0x00000000e8500000, 0x00000000e8600000|  0%| F|  |TAMS 0x00000000e8500000| PB 0x00000000e8500000| Untracked 
| 134|0x00000000e8600000, 0x00000000e8600000, 0x00000000e8700000|  0%| F|  |TAMS 0x00000000e8600000| PB 0x00000000e8600000| Untracked 
| 135|0x00000000e8700000, 0x00000000e8700000, 0x00000000e8800000|  0%| F|  |TAMS 0x00000000e8700000| PB 0x00000000e8700000| Untracked 
| 136|0x00000000e8800000, 0x00000000e8800000, 0x00000000e8900000|  0%| F|  |TAMS 0x00000000e8800000| PB 0x00000000e8800000| Untracked 
| 137|0x00000000e8900000, 0x00000000e8900000, 0x00000000e8a00000|  0%| F|  |TAMS 0x00000000e8900000| PB 0x00000000e8900000| Untracked 
| 138|0x00000000e8a00000, 0x00000000e8a00000, 0x00000000e8b00000|  0%| F|  |TAMS 0x00000000e8a00000| PB 0x00000000e8a00000| Untracked 
| 139|0x00000000e8b00000, 0x00000000e8b00000, 0x00000000e8c00000|  0%| F|  |TAMS 0x00000000e8b00000| PB 0x00000000e8b00000| Untracked 
| 140|0x00000000e8c00000, 0x00000000e8c00000, 0x00000000e8d00000|  0%| F|  |TAMS 0x00000000e8c00000| PB 0x00000000e8c00000| Untracked 
| 141|0x00000000e8d00000, 0x00000000e8d00000, 0x00000000e8e00000|  0%| F|  |TAMS 0x00000000e8d00000| PB 0x00000000e8d00000| Untracked 
| 142|0x00000000e8e00000, 0x00000000e8e00000, 0x00000000e8f00000|  0%| F|  |TAMS 0x00000000e8e00000| PB 0x00000000e8e00000| Untracked 
| 143|0x00000000e8f00000, 0x00000000e8f00000, 0x00000000e9000000|  0%| F|  |TAMS 0x00000000e8f00000| PB 0x00000000e8f00000| Untracked 
| 144|0x00000000e9000000, 0x00000000e9000000, 0x00000000e9100000|  0%| F|  |TAMS 0x00000000e9000000| PB 0x00000000e9000000| Untracked 
| 145|0x00000000e9100000, 0x00000000e9100000, 0x00000000e9200000|  0%| F|  |TAMS 0x00000000e9100000| PB 0x00000000e9100000| Untracked 
| 146|0x00000000e9200000, 0x00000000e9200000, 0x00000000e9300000|  0%| F|  |TAMS 0x00000000e9200000| PB 0x00000000e9200000| Untracked 
| 147|0x00000000e9300000, 0x00000000e9300000, 0x00000000e9400000|  0%| F|  |TAMS 0x00000000e9300000| PB 0x00000000e9300000| Untracked 
| 148|0x00000000e9400000, 0x00000000e9400000, 0x00000000e9500000|  0%| F|  |TAMS 0x00000000e9400000| PB 0x00000000e9400000| Untracked 
| 149|0x00000000e9500000, 0x00000000e9500000, 0x00000000e9600000|  0%| F|  |TAMS 0x00000000e9500000| PB 0x00000000e9500000| Untracked 
| 150|0x00000000e9600000, 0x00000000e9600000, 0x00000000e9700000|  0%| F|  |TAMS 0x00000000e9600000| PB 0x00000000e9600000| Untracked 
| 151|0x00000000e9700000, 0x00000000e9700000, 0x00000000e9800000|  0%| F|  |TAMS 0x00000000e9700000| PB 0x00000000e9700000| Untracked 
| 152|0x00000000e9800000, 0x00000000e9800000, 0x00000000e9900000|  0%| F|  |TAMS 0x00000000e9800000| PB 0x00000000e9800000| Untracked 
| 153|0x00000000e9900000, 0x00000000e9900000, 0x00000000e9a00000|  0%| F|  |TAMS 0x00000000e9900000| PB 0x00000000e9900000| Untracked 
| 154|0x00000000e9a00000, 0x00000000e9a00000, 0x00000000e9b00000|  0%| F|  |TAMS 0x00000000e9a00000| PB 0x00000000e9a00000| Untracked 
| 155|0x00000000e9b00000, 0x00000000e9b00000, 0x00000000e9c00000|  0%| F|  |TAMS 0x00000000e9b00000| PB 0x00000000e9b00000| Untracked 
| 156|0x00000000e9c00000, 0x00000000e9c00000, 0x00000000e9d00000|  0%| F|  |TAMS 0x00000000e9c00000| PB 0x00000000e9c00000| Untracked 
| 157|0x00000000e9d00000, 0x00000000e9d00000, 0x00000000e9e00000|  0%| F|  |TAMS 0x00000000e9d00000| PB 0x00000000e9d00000| Untracked 
| 158|0x00000000e9e00000, 0x00000000e9e00000, 0x00000000e9f00000|  0%| F|  |TAMS 0x00000000e9e00000| PB 0x00000000e9e00000| Untracked 
| 159|0x00000000e9f00000, 0x00000000e9f00000, 0x00000000ea000000|  0%| F|  |TAMS 0x00000000e9f00000| PB 0x00000000e9f00000| Untracked 
| 160|0x00000000ea000000, 0x00000000ea000000, 0x00000000ea100000|  0%| F|  |TAMS 0x00000000ea000000| PB 0x00000000ea000000| Untracked 
| 161|0x00000000ea100000, 0x00000000ea100000, 0x00000000ea200000|  0%| F|  |TAMS 0x00000000ea100000| PB 0x00000000ea100000| Untracked 
| 162|0x00000000ea200000, 0x00000000ea200000, 0x00000000ea300000|  0%| F|  |TAMS 0x00000000ea200000| PB 0x00000000ea200000| Untracked 
| 163|0x00000000ea300000, 0x00000000ea300000, 0x00000000ea400000|  0%| F|  |TAMS 0x00000000ea300000| PB 0x00000000ea300000| Untracked 
| 164|0x00000000ea400000, 0x00000000ea400000, 0x00000000ea500000|  0%| F|  |TAMS 0x00000000ea400000| PB 0x00000000ea400000| Untracked 
| 165|0x00000000ea500000, 0x00000000ea500000, 0x00000000ea600000|  0%| F|  |TAMS 0x00000000ea500000| PB 0x00000000ea500000| Untracked 
| 166|0x00000000ea600000, 0x00000000ea600000, 0x00000000ea700000|  0%| F|  |TAMS 0x00000000ea600000| PB 0x00000000ea600000| Untracked 
| 167|0x00000000ea700000, 0x00000000ea700000, 0x00000000ea800000|  0%| F|  |TAMS 0x00000000ea700000| PB 0x00000000ea700000| Untracked 
| 168|0x00000000ea800000, 0x00000000ea800000, 0x00000000ea900000|  0%| F|  |TAMS 0x00000000ea800000| PB 0x00000000ea800000| Untracked 
| 169|0x00000000ea900000, 0x00000000ea900000, 0x00000000eaa00000|  0%| F|  |TAMS 0x00000000ea900000| PB 0x00000000ea900000| Untracked 
| 170|0x00000000eaa00000, 0x00000000eaa00000, 0x00000000eab00000|  0%| F|  |TAMS 0x00000000eaa00000| PB 0x00000000eaa00000| Untracked 
| 171|0x00000000eab00000, 0x00000000eab00000, 0x00000000eac00000|  0%| F|  |TAMS 0x00000000eab00000| PB 0x00000000eab00000| Untracked 
| 172|0x00000000eac00000, 0x00000000eac00000, 0x00000000ead00000|  0%| F|  |TAMS 0x00000000eac00000| PB 0x00000000eac00000| Untracked 
| 173|0x00000000ead00000, 0x00000000eadffd28, 0x00000000eae00000| 99%| E|  |TAMS 0x00000000ead00000| PB 0x00000000ead00000| Complete 
| 174|0x00000000eae00000, 0x00000000eaf00000, 0x00000000eaf00000|100%| E|CS|TAMS 0x00000000eae00000| PB 0x00000000eae00000| Complete 
| 175|0x00000000eaf00000, 0x00000000eb000000, 0x00000000eb000000|100%| E|CS|TAMS 0x00000000eaf00000| PB 0x00000000eaf00000| Complete 
| 176|0x00000000eb000000, 0x00000000eb100000, 0x00000000eb100000|100%| E|CS|TAMS 0x00000000eb000000| PB 0x00000000eb000000| Complete 
| 177|0x00000000eb100000, 0x00000000eb200000, 0x00000000eb200000|100%| E|CS|TAMS 0x00000000eb100000| PB 0x00000000eb100000| Complete 
| 178|0x00000000eb200000, 0x00000000eb300000, 0x00000000eb300000|100%| E|CS|TAMS 0x00000000eb200000| PB 0x00000000eb200000| Complete 
| 179|0x00000000eb300000, 0x00000000eb400000, 0x00000000eb400000|100%| E|CS|TAMS 0x00000000eb300000| PB 0x00000000eb300000| Complete 
| 180|0x00000000eb400000, 0x00000000eb500000, 0x00000000eb500000|100%| E|CS|TAMS 0x00000000eb400000| PB 0x00000000eb400000| Complete 
| 181|0x00000000eb500000, 0x00000000eb600000, 0x00000000eb600000|100%| E|CS|TAMS 0x00000000eb500000| PB 0x00000000eb500000| Complete 
| 182|0x00000000eb600000, 0x00000000eb700000, 0x00000000eb700000|100%| E|CS|TAMS 0x00000000eb600000| PB 0x00000000eb600000| Complete 
| 183|0x00000000eb700000, 0x00000000eb800000, 0x00000000eb800000|100%| E|CS|TAMS 0x00000000eb700000| PB 0x00000000eb700000| Complete 
| 184|0x00000000eb800000, 0x00000000eb900000, 0x00000000eb900000|100%| E|CS|TAMS 0x00000000eb800000| PB 0x00000000eb800000| Complete 
| 185|0x00000000eb900000, 0x00000000eba00000, 0x00000000eba00000|100%| E|CS|TAMS 0x00000000eb900000| PB 0x00000000eb900000| Complete 
| 186|0x00000000eba00000, 0x00000000ebb00000, 0x00000000ebb00000|100%| E|CS|TAMS 0x00000000eba00000| PB 0x00000000eba00000| Complete 
| 187|0x00000000ebb00000, 0x00000000ebc00000, 0x00000000ebc00000|100%| E|CS|TAMS 0x00000000ebb00000| PB 0x00000000ebb00000| Complete 
| 188|0x00000000ebc00000, 0x00000000ebd00000, 0x00000000ebd00000|100%| E|CS|TAMS 0x00000000ebc00000| PB 0x00000000ebc00000| Complete 
| 189|0x00000000ebd00000, 0x00000000ebe00000, 0x00000000ebe00000|100%| E|CS|TAMS 0x00000000ebd00000| PB 0x00000000ebd00000| Complete 
| 190|0x00000000ebe00000, 0x00000000ebf00000, 0x00000000ebf00000|100%| E|CS|TAMS 0x00000000ebe00000| PB 0x00000000ebe00000| Complete 
| 191|0x00000000ebf00000, 0x00000000ec000000, 0x00000000ec000000|100%| E|CS|TAMS 0x00000000ebf00000| PB 0x00000000ebf00000| Complete 
| 192|0x00000000ec000000, 0x00000000ec100000, 0x00000000ec100000|100%| E|CS|TAMS 0x00000000ec000000| PB 0x00000000ec000000| Complete 
| 193|0x00000000ec100000, 0x00000000ec200000, 0x00000000ec200000|100%| E|CS|TAMS 0x00000000ec100000| PB 0x00000000ec100000| Complete 
| 194|0x00000000ec200000, 0x00000000ec300000, 0x00000000ec300000|100%| E|CS|TAMS 0x00000000ec200000| PB 0x00000000ec200000| Complete 
| 195|0x00000000ec300000, 0x00000000ec400000, 0x00000000ec400000|100%| E|CS|TAMS 0x00000000ec300000| PB 0x00000000ec300000| Complete 
| 196|0x00000000ec400000, 0x00000000ec500000, 0x00000000ec500000|100%| E|CS|TAMS 0x00000000ec400000| PB 0x00000000ec400000| Complete 
| 197|0x00000000ec500000, 0x00000000ec600000, 0x00000000ec600000|100%| E|CS|TAMS 0x00000000ec500000| PB 0x00000000ec500000| Complete 
| 198|0x00000000ec600000, 0x00000000ec700000, 0x00000000ec700000|100%| E|CS|TAMS 0x00000000ec600000| PB 0x00000000ec600000| Complete 
| 199|0x00000000ec700000, 0x00000000ec800000, 0x00000000ec800000|100%| E|CS|TAMS 0x00000000ec700000| PB 0x00000000ec700000| Complete 
| 200|0x00000000ec800000, 0x00000000ec900000, 0x00000000ec900000|100%| E|CS|TAMS 0x00000000ec800000| PB 0x00000000ec800000| Complete 
| 201|0x00000000ec900000, 0x00000000eca00000, 0x00000000eca00000|100%| E|CS|TAMS 0x00000000ec900000| PB 0x00000000ec900000| Complete 
| 202|0x00000000eca00000, 0x00000000ecb00000, 0x00000000ecb00000|100%| E|CS|TAMS 0x00000000eca00000| PB 0x00000000eca00000| Complete 
| 203|0x00000000ecb00000, 0x00000000ecc00000, 0x00000000ecc00000|100%| E|CS|TAMS 0x00000000ecb00000| PB 0x00000000ecb00000| Complete 
| 204|0x00000000ecc00000, 0x00000000ecd00000, 0x00000000ecd00000|100%| E|CS|TAMS 0x00000000ecc00000| PB 0x00000000ecc00000| Complete 
| 205|0x00000000ecd00000, 0x00000000ece00000, 0x00000000ece00000|100%| E|CS|TAMS 0x00000000ecd00000| PB 0x00000000ecd00000| Complete 
| 206|0x00000000ece00000, 0x00000000ecf00000, 0x00000000ecf00000|100%| E|CS|TAMS 0x00000000ece00000| PB 0x00000000ece00000| Complete 
| 207|0x00000000ecf00000, 0x00000000ed000000, 0x00000000ed000000|100%| E|CS|TAMS 0x00000000ecf00000| PB 0x00000000ecf00000| Complete 
| 208|0x00000000ed000000, 0x00000000ed100000, 0x00000000ed100000|100%| E|CS|TAMS 0x00000000ed000000| PB 0x00000000ed000000| Complete 
| 209|0x00000000ed100000, 0x00000000ed200000, 0x00000000ed200000|100%| E|CS|TAMS 0x00000000ed100000| PB 0x00000000ed100000| Complete 
| 210|0x00000000ed200000, 0x00000000ed300000, 0x00000000ed300000|100%| E|CS|TAMS 0x00000000ed200000| PB 0x00000000ed200000| Complete 
| 211|0x00000000ed300000, 0x00000000ed400000, 0x00000000ed400000|100%| E|CS|TAMS 0x00000000ed300000| PB 0x00000000ed300000| Complete 
| 212|0x00000000ed400000, 0x00000000ed500000, 0x00000000ed500000|100%| E|CS|TAMS 0x00000000ed400000| PB 0x00000000ed400000| Complete 
| 213|0x00000000ed500000, 0x00000000ed600000, 0x00000000ed600000|100%| E|CS|TAMS 0x00000000ed500000| PB 0x00000000ed500000| Complete 
| 214|0x00000000ed600000, 0x00000000ed700000, 0x00000000ed700000|100%| E|CS|TAMS 0x00000000ed600000| PB 0x00000000ed600000| Complete 
| 215|0x00000000ed700000, 0x00000000ed800000, 0x00000000ed800000|100%| E|CS|TAMS 0x00000000ed700000| PB 0x00000000ed700000| Complete 
| 216|0x00000000ed800000, 0x00000000ed900000, 0x00000000ed900000|100%| E|CS|TAMS 0x00000000ed800000| PB 0x00000000ed800000| Complete 
| 217|0x00000000ed900000, 0x00000000eda00000, 0x00000000eda00000|100%| E|CS|TAMS 0x00000000ed900000| PB 0x00000000ed900000| Complete 
| 218|0x00000000eda00000, 0x00000000edb00000, 0x00000000edb00000|100%| E|CS|TAMS 0x00000000eda00000| PB 0x00000000eda00000| Complete 
| 219|0x00000000edb00000, 0x00000000edc00000, 0x00000000edc00000|100%| E|CS|TAMS 0x00000000edb00000| PB 0x00000000edb00000| Complete 
| 220|0x00000000edc00000, 0x00000000edd00000, 0x00000000edd00000|100%| E|CS|TAMS 0x00000000edc00000| PB 0x00000000edc00000| Complete 
| 221|0x00000000edd00000, 0x00000000ede00000, 0x00000000ede00000|100%| E|CS|TAMS 0x00000000edd00000| PB 0x00000000edd00000| Complete 
| 222|0x00000000ede00000, 0x00000000edf00000, 0x00000000edf00000|100%| E|CS|TAMS 0x00000000ede00000| PB 0x00000000ede00000| Complete 
| 223|0x00000000edf00000, 0x00000000ee000000, 0x00000000ee000000|100%| E|CS|TAMS 0x00000000edf00000| PB 0x00000000edf00000| Complete 
| 224|0x00000000ee000000, 0x00000000ee100000, 0x00000000ee100000|100%| E|CS|TAMS 0x00000000ee000000| PB 0x00000000ee000000| Complete 
| 225|0x00000000ee100000, 0x00000000ee200000, 0x00000000ee200000|100%| E|CS|TAMS 0x00000000ee100000| PB 0x00000000ee100000| Complete 
| 226|0x00000000ee200000, 0x00000000ee300000, 0x00000000ee300000|100%| E|CS|TAMS 0x00000000ee200000| PB 0x00000000ee200000| Complete 
| 227|0x00000000ee300000, 0x00000000ee400000, 0x00000000ee400000|100%| E|CS|TAMS 0x00000000ee300000| PB 0x00000000ee300000| Complete 
| 228|0x00000000ee400000, 0x00000000ee500000, 0x00000000ee500000|100%| E|CS|TAMS 0x00000000ee400000| PB 0x00000000ee400000| Complete 
| 229|0x00000000ee500000, 0x00000000ee600000, 0x00000000ee600000|100%| E|CS|TAMS 0x00000000ee500000| PB 0x00000000ee500000| Complete 
| 230|0x00000000ee600000, 0x00000000ee700000, 0x00000000ee700000|100%| E|CS|TAMS 0x00000000ee600000| PB 0x00000000ee600000| Complete 
| 231|0x00000000ee700000, 0x00000000ee800000, 0x00000000ee800000|100%| E|CS|TAMS 0x00000000ee700000| PB 0x00000000ee700000| Complete 
| 232|0x00000000ee800000, 0x00000000ee900000, 0x00000000ee900000|100%| E|CS|TAMS 0x00000000ee800000| PB 0x00000000ee800000| Complete 
| 233|0x00000000ee900000, 0x00000000eea00000, 0x00000000eea00000|100%| E|CS|TAMS 0x00000000ee900000| PB 0x00000000ee900000| Complete 
| 234|0x00000000eea00000, 0x00000000eeb00000, 0x00000000eeb00000|100%| E|CS|TAMS 0x00000000eea00000| PB 0x00000000eea00000| Complete 
| 235|0x00000000eeb00000, 0x00000000eec00000, 0x00000000eec00000|100%| E|CS|TAMS 0x00000000eeb00000| PB 0x00000000eeb00000| Complete 
| 236|0x00000000eec00000, 0x00000000eed00000, 0x00000000eed00000|100%| E|CS|TAMS 0x00000000eec00000| PB 0x00000000eec00000| Complete 
| 237|0x00000000eed00000, 0x00000000eee00000, 0x00000000eee00000|100%| E|CS|TAMS 0x00000000eed00000| PB 0x00000000eed00000| Complete 
| 238|0x00000000eee00000, 0x00000000eef00000, 0x00000000eef00000|100%| E|CS|TAMS 0x00000000eee00000| PB 0x00000000eee00000| Complete 
| 239|0x00000000eef00000, 0x00000000ef000000, 0x00000000ef000000|100%| E|CS|TAMS 0x00000000eef00000| PB 0x00000000eef00000| Complete 
| 240|0x00000000ef000000, 0x00000000ef100000, 0x00000000ef100000|100%| E|CS|TAMS 0x00000000ef000000| PB 0x00000000ef000000| Complete 
| 241|0x00000000ef100000, 0x00000000ef200000, 0x00000000ef200000|100%| E|CS|TAMS 0x00000000ef100000| PB 0x00000000ef100000| Complete 
| 242|0x00000000ef200000, 0x00000000ef300000, 0x00000000ef300000|100%| E|CS|TAMS 0x00000000ef200000| PB 0x00000000ef200000| Complete 
| 243|0x00000000ef300000, 0x00000000ef400000, 0x00000000ef400000|100%| E|CS|TAMS 0x00000000ef300000| PB 0x00000000ef300000| Complete 
| 244|0x00000000ef400000, 0x00000000ef500000, 0x00000000ef500000|100%| E|CS|TAMS 0x00000000ef400000| PB 0x00000000ef400000| Complete 
| 245|0x00000000ef500000, 0x00000000ef600000, 0x00000000ef600000|100%| E|CS|TAMS 0x00000000ef500000| PB 0x00000000ef500000| Complete 
| 246|0x00000000ef600000, 0x00000000ef700000, 0x00000000ef700000|100%| E|CS|TAMS 0x00000000ef600000| PB 0x00000000ef600000| Complete 
| 247|0x00000000ef700000, 0x00000000ef800000, 0x00000000ef800000|100%| E|CS|TAMS 0x00000000ef700000| PB 0x00000000ef700000| Complete 
| 248|0x00000000ef800000, 0x00000000ef900000, 0x00000000ef900000|100%| E|CS|TAMS 0x00000000ef800000| PB 0x00000000ef800000| Complete 
| 249|0x00000000ef900000, 0x00000000efa00000, 0x00000000efa00000|100%| E|CS|TAMS 0x00000000ef900000| PB 0x00000000ef900000| Complete 
| 250|0x00000000efa00000, 0x00000000efb00000, 0x00000000efb00000|100%| E|CS|TAMS 0x00000000efa00000| PB 0x00000000efa00000| Complete 
| 251|0x00000000efb00000, 0x00000000efc00000, 0x00000000efc00000|100%| E|CS|TAMS 0x00000000efb00000| PB 0x00000000efb00000| Complete 
| 252|0x00000000efc00000, 0x00000000efd00000, 0x00000000efd00000|100%| E|CS|TAMS 0x00000000efc00000| PB 0x00000000efc00000| Complete 
| 253|0x00000000efd00000, 0x00000000efe00000, 0x00000000efe00000|100%| E|CS|TAMS 0x00000000efd00000| PB 0x00000000efd00000| Complete 
| 254|0x00000000efe00000, 0x00000000eff00000, 0x00000000eff00000|100%| E|CS|TAMS 0x00000000efe00000| PB 0x00000000efe00000| Complete 
| 255|0x00000000eff00000, 0x00000000f0000000, 0x00000000f0000000|100%| E|CS|TAMS 0x00000000eff00000| PB 0x00000000eff00000| Complete 

Card table byte_map: [0x0000012f7e630000,0x0000012f7e730000] _byte_map_base: 0x0000012f7df30000

Marking Bits: (CMBitMap*) 0x0000012f6babd2d0
 Bits: [0x0000012f7e730000, 0x0000012f7ef30000)

Polling page: 0x0000012f69b30000

Metaspace:

Usage:
  Non-class:     43.95 MB used.
      Class:      7.27 MB used.
       Both:     51.22 MB used.

Virtual space:
  Non-class space:       64.00 MB reserved,      44.88 MB ( 70%) committed,  1 nodes.
      Class space:      320.00 MB reserved,       8.12 MB (  3%) committed,  1 nodes.
             Both:      384.00 MB reserved,      53.00 MB ( 14%) committed. 

Chunk freelists:
   Non-Class:  2.34 MB
       Class:  7.80 MB
        Both:  10.15 MB

MaxMetaspaceSize: 384.00 MB
CompressedClassSpaceSize: 320.00 MB
Initial GC threshold: 21.00 MB
Current GC threshold: 58.88 MB
CDS: on
 - commit_granule_bytes: 65536.
 - commit_granule_words: 8192.
 - virtual_space_node_default_size: 8388608.
 - enlarge_chunks_in_place: 1.
 - use_allocation_guard: 0.


Internal statistics:

num_allocs_failed_limit: 6.
num_arena_births: 3122.
num_arena_deaths: 0.
num_vsnodes_births: 2.
num_vsnodes_deaths: 0.
num_space_committed: 848.
num_space_uncommitted: 0.
num_chunks_returned_to_freelist: 6.
num_chunks_taken_from_freelist: 5659.
num_chunk_merges: 6.
num_chunk_splits: 3631.
num_chunks_enlarged: 2161.
num_inconsistent_stats: 0.

CodeHeap 'non-profiled nmethods': size=119168Kb used=5592Kb max_used=5592Kb free=113575Kb
 bounds [0x0000012f76830000, 0x0000012f76db0000, 0x0000012f7dc90000]
CodeHeap 'profiled nmethods': size=119104Kb used=19169Kb max_used=19169Kb free=99934Kb
 bounds [0x0000012f6ec90000, 0x0000012f6ff50000, 0x0000012f760e0000]
CodeHeap 'non-nmethods': size=7488Kb used=4291Kb max_used=4338Kb free=3196Kb
 bounds [0x0000012f760e0000, 0x0000012f76530000, 0x0000012f76830000]
CodeCache: size=245760Kb, used=29052Kb, max_used=29099Kb, free=216705Kb
 total_blobs=10591, nmethods=9720, adapters=772, full_count=0
Compilation: enabled, stopped_count=0, restarted_count=0

Compilation events (20 events):
Event: 1559.658 Thread 0x0000012f1b02d430 nmethod 10175 0x0000012f6ff2a710 code [0x0000012f6ff2aa20, 0x0000012f6ff2bb40]
Event: 1559.658 Thread 0x0000012f1b02d430 10176       3       org.gradle.api.internal.artifacts.ivyservice.resolveengine.graph.selectors.SelectorStateResolverResults::hasFailure (15 bytes)
Event: 1559.658 Thread 0x0000012f1b02d430 nmethod 10176 0x0000012f6ff2c190 code [0x0000012f6ff2c340, 0x0000012f6ff2c4e8]
Event: 1559.658 Thread 0x0000012f1b02d430 10177       3       org.gradle.api.internal.artifacts.ivyservice.ivyresolve.strategy.AbstractStringVersionSelector::canShortCircuitWhenVersionAlreadyPreselected (5 bytes)
Event: 1559.658 Thread 0x0000012f1b02d430 nmethod 10177 0x0000012f6ff2c610 code [0x0000012f6ff2c7c0, 0x0000012f6ff2c928]
Event: 1559.658 Thread 0x0000012f1b02d430 10178       3       org.gradle.api.internal.artifacts.ivyservice.ivyresolve.strategy.ExactVersionSelector::accept (27 bytes)
Event: 1559.659 Thread 0x0000012f1b02d430 nmethod 10178 0x0000012f6ff2ca10 code [0x0000012f6ff2cbe0, 0x0000012f6ff2ce60]
Event: 1559.659 Thread 0x0000012f1b02d430 10179       3       org.gradle.api.internal.artifacts.ivyservice.resolveengine.graph.builder.ModuleResolveState::select (37 bytes)
Event: 1559.659 Thread 0x0000012f1b02d430 nmethod 10179 0x0000012f6ff2cf90 code [0x0000012f6ff2d140, 0x0000012f6ff2d2e8]
Event: 1559.659 Thread 0x0000012f1b02d430 10180       3       org.gradle.api.internal.artifacts.ivyservice.resolveengine.graph.builder.DependencyGraphBuilder::checkForModuleConflicts (45 bytes)
Event: 1559.660 Thread 0x0000012f1b02d430 nmethod 10180 0x0000012f6ff2d390 code [0x0000012f6ff2d560, 0x0000012f6ff2d828]
Event: 1559.669 Thread 0x0000012f1b02d430 10181       3       org.gradle.internal.component.external.model.DefaultConfigurationMetadata::getDependencies (28 bytes)
Event: 1559.671 Thread 0x0000012f1bbf4070 10184       4       org.gradle.internal.hash.HashCode::fromBytes (47 bytes)
Event: 1560.678 Thread 0x0000012f1b02d430 nmethod 10181 0x0000012f6ff2da90 code [0x0000012f6ff2dc60, 0x0000012f6ff2dfb0]
Event: 1560.678 Thread 0x0000012f1b02d430 10194       3       org.gradle.api.internal.artifacts.ivyservice.modulecache.ModuleSourcesSerializer::read (50 bytes)
Event: 1560.678 Thread 0x0000012f1e404f40 10195   !   3       org.gradle.api.internal.artifacts.ivyservice.resolveengine.graph.builder.NodeState::visitDependencies (192 bytes)
Event: 1560.679 Thread 0x0000012f1b02d430 nmethod 10194 0x0000012f6ff2e110 code [0x0000012f6ff2e3c0, 0x0000012f6ff2f0d0]
Event: 1560.679 Thread 0x0000012f1b02d430 10182       3       org.gradle.api.internal.artifacts.ivyservice.resolveengine.graph.conflicts.ConflictContainer::hasMatchingConflict (33 bytes)
Event: 1561.689 Thread 0x0000012f1e404f40 nmethod 10195 0x0000012f6ff2f590 code [0x0000012f6ff2f980, 0x0000012f6ff31798]
Event: 1561.689 Thread 0x0000012f1b02d430 nmethod 10182 0x0000012f6ff32190 code [0x0000012f6ff323e0, 0x0000012f6ff32cb0]

GC Heap History (14 events):
Event: 0.269 GC heap before
{Heap before GC invocations=0 (full 0):
 garbage-first heap   total 262144K, used 26624K [0x00000000e0000000, 0x0000000100000000)
  region size 1024K, 23 young (23552K), 0 survivors (0K)
 Metaspace       used 1127K, committed 1280K, reserved 393216K
  class space    used 80K, committed 128K, reserved 327680K
}
Event: 0.271 GC heap after
{Heap after GC invocations=1 (full 0):
 garbage-first heap   total 262144K, used 9198K [0x00000000e0000000, 0x0000000100000000)
  region size 1024K, 3 young (3072K), 3 survivors (3072K)
 Metaspace       used 1127K, committed 1280K, reserved 393216K
  class space    used 80K, committed 128K, reserved 327680K
}
Event: 0.904 GC heap before
{Heap before GC invocations=1 (full 0):
 garbage-first heap   total 262144K, used 40942K [0x00000000e0000000, 0x0000000100000000)
  region size 1024K, 34 young (34816K), 3 survivors (3072K)
 Metaspace       used 4371K, committed 4544K, reserved 393216K
  class space    used 547K, committed 640K, reserved 327680K
}
Event: 0.907 GC heap after
{Heap after GC invocations=2 (full 0):
 garbage-first heap   total 262144K, used 11954K [0x00000000e0000000, 0x0000000100000000)
  region size 1024K, 3 young (3072K), 3 survivors (3072K)
 Metaspace       used 4371K, committed 4544K, reserved 393216K
  class space    used 547K, committed 640K, reserved 327680K
}
Event: 1.361 GC heap before
{Heap before GC invocations=2 (full 0):
 garbage-first heap   total 262144K, used 59058K [0x00000000e0000000, 0x0000000100000000)
  region size 1024K, 48 young (49152K), 3 survivors (3072K)
 Metaspace       used 6130K, committed 6336K, reserved 393216K
  class space    used 807K, committed 896K, reserved 327680K
}
Event: 1.365 GC heap after
{Heap after GC invocations=3 (full 0):
 garbage-first heap   total 262144K, used 18495K [0x00000000e0000000, 0x0000000100000000)
  region size 1024K, 6 young (6144K), 6 survivors (6144K)
 Metaspace       used 6130K, committed 6336K, reserved 393216K
  class space    used 807K, committed 896K, reserved 327680K
}
Event: 2.752 GC heap before
{Heap before GC invocations=3 (full 0):
 garbage-first heap   total 262144K, used 104511K [0x00000000e0000000, 0x0000000100000000)
  region size 1024K, 91 young (93184K), 6 survivors (6144K)
 Metaspace       used 20852K, committed 21504K, reserved 393216K
  class space    used 3070K, committed 3392K, reserved 327680K
}
Event: 2.758 GC heap after
{Heap after GC invocations=4 (full 0):
 garbage-first heap   total 262144K, used 25090K [0x00000000e0000000, 0x0000000100000000)
  region size 1024K, 13 young (13312K), 13 survivors (13312K)
 Metaspace       used 20852K, committed 21504K, reserved 393216K
  class space    used 3070K, committed 3392K, reserved 327680K
}
Event: 4.136 GC heap before
{Heap before GC invocations=5 (full 0):
 garbage-first heap   total 262144K, used 117250K [0x00000000e0000000, 0x0000000100000000)
  region size 1024K, 105 young (107520K), 13 survivors (13312K)
 Metaspace       used 34776K, committed 35968K, reserved 393216K
  class space    used 5167K, committed 5760K, reserved 327680K
}
Event: 4.144 GC heap after
{Heap after GC invocations=6 (full 0):
 garbage-first heap   total 262144K, used 32514K [0x00000000e0000000, 0x0000000100000000)
  region size 1024K, 14 young (14336K), 14 survivors (14336K)
 Metaspace       used 34776K, committed 35968K, reserved 393216K
  class space    used 5167K, committed 5760K, reserved 327680K
}
Event: 7.231 GC heap before
{Heap before GC invocations=7 (full 0):
 garbage-first heap   total 262144K, used 180994K [0x00000000e0000000, 0x0000000100000000)
  region size 1024K, 153 young (156672K), 14 survivors (14336K)
 Metaspace       used 48052K, committed 49728K, reserved 393216K
  class space    used 6975K, committed 7808K, reserved 327680K
}
Event: 7.241 GC heap after
{Heap after GC invocations=8 (full 0):
 garbage-first heap   total 262144K, used 43971K [0x00000000e0000000, 0x0000000100000000)
  region size 1024K, 19 young (19456K), 19 survivors (19456K)
 Metaspace       used 48052K, committed 49728K, reserved 393216K
  class space    used 6975K, committed 7808K, reserved 327680K
}
Event: 9.006 GC heap before
{Heap before GC invocations=8 (full 0):
 garbage-first heap   total 262144K, used 186307K [0x00000000e0000000, 0x0000000100000000)
  region size 1024K, 153 young (156672K), 19 survivors (19456K)
 Metaspace       used 51453K, committed 53184K, reserved 393216K
  class space    used 7421K, committed 8256K, reserved 327680K
}
Event: 9.019 GC heap after
{Heap after GC invocations=9 (full 0):
 garbage-first heap   total 262144K, used 59364K [0x00000000e0000000, 0x0000000100000000)
  region size 1024K, 12 young (12288K), 12 survivors (12288K)
 Metaspace       used 51453K, committed 53184K, reserved 393216K
  class space    used 7421K, committed 8256K, reserved 327680K
}

Dll operation events (14 events):
Event: 0.007 Loaded shared library C:\Users\sambalele\.antigravity-ide\extensions\redhat.java-1.55.0-win32-x64\jre\21.0.11-win32-x86_64\bin\java.dll
Event: 0.043 Loaded shared library C:\Users\sambalele\.antigravity-ide\extensions\redhat.java-1.55.0-win32-x64\jre\21.0.11-win32-x86_64\bin\zip.dll
Event: 0.055 Loaded shared library C:\Users\sambalele\.antigravity-ide\extensions\redhat.java-1.55.0-win32-x64\jre\21.0.11-win32-x86_64\bin\instrument.dll
Event: 0.059 Loaded shared library C:\Users\sambalele\.antigravity-ide\extensions\redhat.java-1.55.0-win32-x64\jre\21.0.11-win32-x86_64\bin\net.dll
Event: 0.060 Loaded shared library C:\Users\sambalele\.antigravity-ide\extensions\redhat.java-1.55.0-win32-x64\jre\21.0.11-win32-x86_64\bin\nio.dll
Event: 0.062 Loaded shared library C:\Users\sambalele\.antigravity-ide\extensions\redhat.java-1.55.0-win32-x64\jre\21.0.11-win32-x86_64\bin\zip.dll
Event: 0.199 Loaded shared library C:\Users\sambalele\.antigravity-ide\extensions\redhat.java-1.55.0-win32-x64\jre\21.0.11-win32-x86_64\bin\jimage.dll
Event: 0.284 Loaded shared library C:\Users\sambalele\.antigravity-ide\extensions\redhat.java-1.55.0-win32-x64\jre\21.0.11-win32-x86_64\bin\verify.dll
Event: 0.386 Loaded shared library C:\Users\sambalele\.gradle\native\c067742578af261105cb4f569cf0c3c89f3d7b1fecec35dd04571415982c5e48\windows-amd64\native-platform.dll
Event: 0.483 Loaded shared library C:\Users\sambalele\.gradle\native\100fb08df4bc3b14c8652ba06237920a3bd2aa13389f12d3474272988ae205f9\windows-amd64\native-platform-file-events.dll
Event: 1.375 Loaded shared library C:\Users\sambalele\.antigravity-ide\extensions\redhat.java-1.55.0-win32-x64\jre\21.0.11-win32-x86_64\bin\management.dll
Event: 1.377 Loaded shared library C:\Users\sambalele\.antigravity-ide\extensions\redhat.java-1.55.0-win32-x64\jre\21.0.11-win32-x86_64\bin\management_ext.dll
Event: 1.513 Loaded shared library C:\Users\sambalele\.antigravity-ide\extensions\redhat.java-1.55.0-win32-x64\jre\21.0.11-win32-x86_64\bin\extnet.dll
Event: 1.634 Loaded shared library C:\Users\sambalele\.antigravity-ide\extensions\redhat.java-1.55.0-win32-x64\jre\21.0.11-win32-x86_64\bin\sunmscapi.dll

Deoptimization events (20 events):
Event: 1553.196 Thread 0x0000012f20c7b280 Uncommon trap: trap_request=0xffffffc6 fr.pc=0x0000012f76bee1c0 relative=0x0000000000000840
Event: 1553.197 Thread 0x0000012f20c7b280 Uncommon trap: reason=bimorphic_or_optimized_type_check action=maybe_recompile pc=0x0000012f76bee1c0 method=com.google.common.collect.AbstractIterator.tryToComputeNext()Z @ 9 c2
Event: 1553.198 Thread 0x0000012f20c7b280 DEOPT PACKING pc=0x0000012f76bee1c0 sp=0x000000151f5feb10
Event: 1553.201 Thread 0x0000012f20c7b280 DEOPT UNPACKING pc=0x0000012f76134422 sp=0x000000151f5fea80 mode 2
Event: 1553.267 Thread 0x0000012f20c7b280 Uncommon trap: trap_request=0xffffffde fr.pc=0x0000012f76d5c894 relative=0x00000000000009d4
Event: 1553.281 Thread 0x0000012f20c7b280 Uncommon trap: reason=class_check action=maybe_recompile pc=0x0000012f76d5c894 method=sun.management.spi.PlatformMBeanProvider$PlatformComponent.getMBeans(Ljava/lang/Class;)Ljava/util/List; @ 26 c2
Event: 1553.281 Thread 0x0000012f20c7b280 DEOPT PACKING pc=0x0000012f76d5c894 sp=0x000000151f5fe700
Event: 1553.283 Thread 0x0000012f20c7b280 DEOPT UNPACKING pc=0x0000012f76134422 sp=0x000000151f5fe6b8 mode 2
Event: 1555.182 Thread 0x0000012f20c7b280 Uncommon trap: trap_request=0xffffffde fr.pc=0x0000012f768c0f90 relative=0x0000000000000070
Event: 1555.182 Thread 0x0000012f20c7b280 Uncommon trap: reason=class_check action=maybe_recompile pc=0x0000012f768c0f90 method=java.util.stream.StreamOpFlag.fromCharacteristics(Ljava/util/Spliterator;)I @ 14 c2
Event: 1555.182 Thread 0x0000012f20c7b280 DEOPT PACKING pc=0x0000012f768c0f90 sp=0x000000151f5fa1f0
Event: 1555.183 Thread 0x0000012f20c7b280 DEOPT UNPACKING pc=0x0000012f76134422 sp=0x000000151f5fa180 mode 2
Event: 1555.241 Thread 0x0000012f20c7b280 DEOPT PACKING pc=0x0000012f6f5605f8 sp=0x000000151f5fa490
Event: 1555.241 Thread 0x0000012f20c7b280 DEOPT UNPACKING pc=0x0000012f76134bc2 sp=0x000000151f5f9978 mode 0
Event: 1556.277 Thread 0x0000012f20c7b280 DEOPT PACKING pc=0x0000012f6f4d5bc0 sp=0x000000151f5f9770
Event: 1556.277 Thread 0x0000012f20c7b280 DEOPT UNPACKING pc=0x0000012f76134bc2 sp=0x000000151f5f8c60 mode 0
Event: 1558.720 Thread 0x0000012f20c7b280 DEOPT PACKING pc=0x0000012f6fb036e1 sp=0x000000151f5f7680
Event: 1558.720 Thread 0x0000012f20c7b280 DEOPT UNPACKING pc=0x0000012f76134bc2 sp=0x000000151f5f6b90 mode 0
Event: 1560.660 Thread 0x0000012f20c7b280 DEOPT PACKING pc=0x0000012f6fb03702 sp=0x000000151f5f8000
Event: 1560.660 Thread 0x0000012f20c7b280 DEOPT UNPACKING pc=0x0000012f76134bc2 sp=0x000000151f5f7510 mode 0

Classes loaded (20 events):
Event: 8.961 Loading class java/io/ObjectStreamClass$1
Event: 8.961 Loading class java/io/ObjectStreamClass$1 done
Event: 8.961 Loading class java/io/ObjectStreamClass$MemberSignature
Event: 8.961 Loading class java/io/ObjectStreamClass$MemberSignature done
Event: 8.961 Loading class java/io/ObjectStreamClass$3
Event: 8.961 Loading class java/io/ObjectStreamClass$3 done
Event: 8.962 Loading class java/io/ObjectStreamClass$4
Event: 8.962 Loading class java/io/ObjectStreamClass$4 done
Event: 8.962 Loading class java/io/ObjectStreamClass$5
Event: 8.962 Loading class java/io/ObjectStreamClass$5 done
Event: 8.967 Loading class java/net/UrlDeserializedState
Event: 8.967 Loading class java/net/UrlDeserializedState done
Event: 8.968 Loading class java/net/Proxy
Event: 8.968 Loading class java/net/Proxy done
Event: 8.972 Loading class java/util/concurrent/CompletableFuture$AsyncRun
Event: 8.972 Loading class java/util/concurrent/CompletableFuture$AsyncRun done
Event: 9.158 Loading class jdk/internal/math/FormattedFPDecimal
Event: 9.158 Loading class jdk/internal/math/FormattedFPDecimal done
Event: 9.158 Loading class sun/text/resources/cldr/FormatData_en
Event: 9.159 Loading class sun/text/resources/cldr/FormatData_en done

Classes unloaded (0 events):
No events

Classes redefined (0 events):
No events

Internal exceptions (20 events):
Event: 8.961 Thread 0x0000012f1b287e00 Exception <a 'java/lang/NoSuchMethodError'{0x00000000e7b2d730}: static Lorg/gradle/tooling/internal/provider/serialization/ClassLoaderDetails;.<clinit>()V> (0x00000000e7b2d730) 
thrown [s\src\hotspot\share\prims\jni.cpp, line 1111]
Event: 8.963 Thread 0x0000012f1b287e00 Exception <a 'java/lang/NoSuchMethodError'{0x00000000e7b41730}: static Lorg/gradle/tooling/internal/provider/serialization/WellKnownClassLoaderRegistry$KnownClassLoaderSpec;.<clinit>()V> (0x00000000e7b41730) 
thrown [s\src\hotspot\share\prims\jni.cpp, line 1111]
Event: 8.963 Thread 0x0000012f1b287e00 Exception <a 'java/lang/NoSuchMethodError'{0x00000000e7b42f78}: static Lorg/gradle/internal/classloader/ClassLoaderSpec;.<clinit>()V> (0x00000000e7b42f78) 
thrown [s\src\hotspot\share\prims\jni.cpp, line 1111]
Event: 8.965 Thread 0x0000012f1b287e00 Exception <a 'java/lang/NoSuchMethodError'{0x00000000e7b55e08}: static Lorg/gradle/internal/classloader/ClassLoaderSpec;.<clinit>()V> (0x00000000e7b55e08) 
thrown [s\src\hotspot\share\prims\jni.cpp, line 1111]
Event: 8.966 Thread 0x0000012f1b287e00 Exception <a 'java/lang/NoSuchMethodError'{0x00000000e7b621b8}: static Lorg/gradle/internal/classloader/VisitableURLClassLoader$Spec;.<clinit>()V> (0x00000000e7b621b8) 
thrown [s\src\hotspot\share\prims\jni.cpp, line 1111]
Event: 9.244 Thread 0x0000012f1cff32a0 Exception <a 'sun/nio/fs/WindowsException'{0x00000000efb655a8}> (0x00000000efb655a8) 
thrown [s\src\hotspot\share\prims\jni.cpp, line 520]
Event: 9.245 Thread 0x0000012f1cff32a0 Exception <a 'sun/nio/fs/WindowsException'{0x00000000efb66ac0}> (0x00000000efb66ac0) 
thrown [s\src\hotspot\share\prims\jni.cpp, line 520]
Event: 9.245 Thread 0x0000012f1cff32a0 Exception <a 'sun/nio/fs/WindowsException'{0x00000000efb67fc8}> (0x00000000efb67fc8) 
thrown [s\src\hotspot\share\prims\jni.cpp, line 520]
Event: 9.245 Thread 0x0000012f1cff32a0 Exception <a 'sun/nio/fs/WindowsException'{0x00000000efb690a8}> (0x00000000efb690a8) 
thrown [s\src\hotspot\share\prims\jni.cpp, line 520]
Event: 9.290 Thread 0x0000012f1cff32a0 Exception <a 'java/lang/ClassNotFoundException'{0x00000000ef977dc0}: build_7wv6s9b3r8syyu0orej2idsc0BeanInfo> (0x00000000ef977dc0) 
thrown [s\src\hotspot\share\classfile\systemDictionary.cpp, line 313]
Event: 9.291 Thread 0x0000012f1cff32a0 Exception <a 'java/lang/ClassNotFoundException'{0x00000000ef97e778}: build_7wv6s9b3r8syyu0orej2idsc0Customizer> (0x00000000ef97e778) 
thrown [s\src\hotspot\share\classfile\systemDictionary.cpp, line 313]
Event: 9.338 Thread 0x0000012f1cff32a0 Implicit null exception at 0x0000012f76b8ed5d to 0x0000012f76b8f22c
Event: 9.338 Thread 0x0000012f1cff32a0 Implicit null exception at 0x0000012f76b8fa5f to 0x0000012f76b8ff1c
Event: 9.566 Thread 0x0000012f1cff32a0 Exception <a 'java/lang/ClassNotFoundException'{0x00000000ee16a8f0}: build_7wv6s9b3r8syyu0orej2idsc0BeanInfo> (0x00000000ee16a8f0) 
thrown [s\src\hotspot\share\classfile\systemDictionary.cpp, line 313]
Event: 9.566 Thread 0x0000012f1cff32a0 Exception <a 'java/lang/ClassNotFoundException'{0x00000000ee171230}: build_7wv6s9b3r8syyu0orej2idsc0Customizer> (0x00000000ee171230) 
thrown [s\src\hotspot\share\classfile\systemDictionary.cpp, line 313]
Event: 861.606 Thread 0x0000012f1b28b280 Implicit null exception at 0x0000012f7687ff20 to 0x0000012f768804b0
Event: 1555.195 Thread 0x0000012f20c7b280 Exception <a 'sun/nio/fs/WindowsException'{0x00000000eb972868}> (0x00000000eb972868) 
thrown [s\src\hotspot\share\prims\jni.cpp, line 520]
Event: 1555.199 Thread 0x0000012f20c7b280 Exception <a 'sun/nio/fs/WindowsException'{0x00000000eb973d80}> (0x00000000eb973d80) 
thrown [s\src\hotspot\share\prims\jni.cpp, line 520]
Event: 1555.199 Thread 0x0000012f20c7b280 Exception <a 'sun/nio/fs/WindowsException'{0x00000000eb975288}> (0x00000000eb975288) 
thrown [s\src\hotspot\share\prims\jni.cpp, line 520]
Event: 1555.199 Thread 0x0000012f20c7b280 Exception <a 'sun/nio/fs/WindowsException'{0x00000000eb976368}> (0x00000000eb976368) 
thrown [s\src\hotspot\share\prims\jni.cpp, line 520]

ZGC Phase Switch (0 events):
No events

VM Operations (20 events):
Event: 1291.758 Executing safepoint VM operation: Cleanup done
Event: 1414.743 Executing safepoint VM operation: Cleanup
Event: 1414.753 Executing safepoint VM operation: Cleanup done
Event: 1552.845 Executing safepoint VM operation: Cleanup
Event: 1552.854 Executing safepoint VM operation: Cleanup done
Event: 1553.865 Executing safepoint VM operation: Cleanup
Event: 1553.866 Executing safepoint VM operation: Cleanup done
Event: 1554.878 Executing safepoint VM operation: Cleanup
Event: 1554.893 Executing safepoint VM operation: Cleanup done
Event: 1555.899 Executing safepoint VM operation: Cleanup
Event: 1555.899 Executing safepoint VM operation: Cleanup done
Event: 1556.906 Executing safepoint VM operation: Cleanup
Event: 1556.906 Executing safepoint VM operation: Cleanup done
Event: 1558.924 Executing safepoint VM operation: Cleanup
Event: 1559.586 Executing safepoint VM operation: Cleanup done
Event: 1560.599 Executing safepoint VM operation: Cleanup
Event: 1560.676 Executing safepoint VM operation: Cleanup done
Event: 1561.687 Executing safepoint VM operation: Cleanup
Event: 1561.687 Executing safepoint VM operation: Cleanup done
Event: 1562.699 Executing safepoint VM operation: Cleanup

Memory protections (0 events):
No events

Nmethod flushes (20 events):
Event: 4.157 Thread 0x0000012f7ff161c0 flushing  nmethod 0x0000012f6eff5090
Event: 4.157 Thread 0x0000012f7ff161c0 flushing  nmethod 0x0000012f6eff5f90
Event: 4.157 Thread 0x0000012f7ff161c0 flushing  nmethod 0x0000012f6eff6b90
Event: 4.157 Thread 0x0000012f7ff161c0 flushing  nmethod 0x0000012f6eff7f10
Event: 4.157 Thread 0x0000012f7ff161c0 flushing  nmethod 0x0000012f6effac90
Event: 4.157 Thread 0x0000012f7ff161c0 flushing  nmethod 0x0000012f6effb390
Event: 4.157 Thread 0x0000012f7ff161c0 flushing  nmethod 0x0000012f6effc010
Event: 4.157 Thread 0x0000012f7ff161c0 flushing  nmethod 0x0000012f6f045f90
Event: 4.157 Thread 0x0000012f7ff161c0 flushing  nmethod 0x0000012f6f047e10
Event: 4.157 Thread 0x0000012f7ff161c0 flushing  nmethod 0x0000012f6f0d9c10
Event: 4.157 Thread 0x0000012f7ff161c0 flushing  nmethod 0x0000012f6f120190
Event: 4.157 Thread 0x0000012f7ff161c0 flushing  nmethod 0x0000012f6f122290
Event: 4.157 Thread 0x0000012f7ff161c0 flushing  nmethod 0x0000012f6f191990
Event: 4.157 Thread 0x0000012f7ff161c0 flushing  nmethod 0x0000012f6f193710
Event: 4.157 Thread 0x0000012f7ff161c0 flushing  nmethod 0x0000012f6f00aa90
Event: 4.157 Thread 0x0000012f7ff161c0 flushing  nmethod 0x0000012f6f04d010
Event: 4.157 Thread 0x0000012f7ff161c0 flushing  nmethod 0x0000012f6f04f110
Event: 4.157 Thread 0x0000012f7ff161c0 flushing  nmethod 0x0000012f6f058490
Event: 4.157 Thread 0x0000012f7ff161c0 flushing  nmethod 0x0000012f6efa4090
Event: 4.157 Thread 0x0000012f7ff161c0 flushing  nmethod 0x0000012f6efa6a90

Events (20 events):
Event: 1286.634 Thread 0x0000012f1b146940 Thread exited: 0x0000012f1b146940
Event: 1286.634 Thread 0x0000012f1bbf4070 Thread exited: 0x0000012f1bbf4070
Event: 1552.652 Thread 0x0000012f1b288b20 Thread added: 0x0000012f20c7ccc0
Event: 1552.769 Thread 0x0000012f20c7ccc0 Thread added: 0x0000012f20c7bfa0
Event: 1553.058 Thread 0x0000012f20c7ccc0 Thread added: 0x0000012f20c7e700
Event: 1553.150 Thread 0x0000012f20c7ccc0 Thread added: 0x0000012f20c7b280
Event: 1553.260 Thread 0x0000012f20c7b280 Thread added: 0x0000012f20c7e070
Event: 1553.335 Thread 0x0000012f20c7b280 Thread added: 0x0000012f20c7d350
Event: 1553.340 Thread 0x0000012f20c7b280 Thread added: 0x0000012f20c7ed90
Event: 1554.109 Thread 0x0000012f20c7b280 Thread added: 0x0000012f20c7fab0
Event: 1554.187 Thread 0x0000012f20c7b280 Thread added: 0x0000012f20c7c630
Event: 1554.845 Thread 0x0000012f20c7b280 Thread added: 0x0000012f20c80140
Event: 1554.944 Thread 0x0000012f20c7b280 Thread added: 0x0000012f20c807d0
Event: 1555.018 Thread 0x0000012f20c7b280 Thread added: 0x0000012f20c80e60
Event: 1556.228 Thread 0x0000012f1b02d430 Thread added: 0x0000012f1bbf4070
Event: 1556.497 Thread 0x0000012f1bbf4070 Thread exited: 0x0000012f1bbf4070
Event: 1559.586 Thread 0x0000012f1b02d430 Thread added: 0x0000012f1bbf4070
Event: 1559.587 Thread 0x0000012f1b02d430 Thread added: 0x0000012f1e406a80
Event: 1559.588 Thread 0x0000012f1b02d430 Thread added: 0x0000012f1e407820
Event: 1560.678 Thread 0x0000012f1b02d430 Thread added: 0x0000012f1e404f40


Dynamic libraries:
0x00007ff666f50000 - 0x00007ff666f5e000 	C:\Users\sambalele\.antigravity-ide\extensions\redhat.java-1.55.0-win32-x64\jre\21.0.11-win32-x86_64\bin\java.exe
0x00007ffebbaa0000 - 0x00007ffebbd06000 	C:\WINDOWS\SYSTEM32\ntdll.dll
0x00007ffebb800000 - 0x00007ffebb8c9000 	C:\WINDOWS\System32\KERNEL32.DLL
0x00007ffeb8fc0000 - 0x00007ffeb93be000 	C:\WINDOWS\System32\KERNELBASE.dll
0x00007ffeb8db0000 - 0x00007ffeb8efc000 	C:\WINDOWS\System32\ucrtbase.dll
0x00007ffd794d0000 - 0x00007ffd794e8000 	C:\Users\sambalele\.antigravity-ide\extensions\redhat.java-1.55.0-win32-x64\jre\21.0.11-win32-x86_64\bin\jli.dll
0x00007ffd66950000 - 0x00007ffd6696e000 	C:\Users\sambalele\.antigravity-ide\extensions\redhat.java-1.55.0-win32-x64\jre\21.0.11-win32-x86_64\bin\VCRUNTIME140.dll
0x00007ffebb530000 - 0x00007ffebb6f7000 	C:\WINDOWS\System32\USER32.dll
0x00007ffe9af80000 - 0x00007ffe9b212000 	C:\WINDOWS\WinSxS\amd64_microsoft.windows.common-controls_6595b64144ccf1df_6.0.26100.8875_none_3e0d5d42e32fe9dd\COMCTL32.dll
0x00007ffeb8d80000 - 0x00007ffeb8da7000 	C:\WINDOWS\System32\win32u.dll
0x00007ffeba010000 - 0x00007ffeba0b9000 	C:\WINDOWS\System32\msvcrt.dll
0x00007ffeb98d0000 - 0x00007ffeb98fb000 	C:\WINDOWS\System32\GDI32.dll
0x00007ffeb9610000 - 0x00007ffeb973a000 	C:\WINDOWS\System32\gdi32full.dll
0x00007ffeb8f10000 - 0x00007ffeb8fb3000 	C:\WINDOWS\System32\msvcp_win.dll
0x00007ffebaff0000 - 0x00007ffebb022000 	C:\WINDOWS\System32\IMM32.DLL
0x00007ffe86bc0000 - 0x00007ffe86bcc000 	C:\Users\sambalele\.antigravity-ide\extensions\redhat.java-1.55.0-win32-x64\jre\21.0.11-win32-x86_64\bin\vcruntime140_1.dll
0x00007ffd18200000 - 0x00007ffd1828d000 	C:\Users\sambalele\.antigravity-ide\extensions\redhat.java-1.55.0-win32-x64\jre\21.0.11-win32-x86_64\bin\msvcp140.dll
0x00007ffcddfb0000 - 0x00007ffcded52000 	C:\Users\sambalele\.antigravity-ide\extensions\redhat.java-1.55.0-win32-x64\jre\21.0.11-win32-x86_64\bin\server\jvm.dll
0x00007ffeb9c80000 - 0x00007ffeb9d37000 	C:\WINDOWS\System32\ADVAPI32.dll
0x00007ffebb9b0000 - 0x00007ffebba5a000 	C:\WINDOWS\System32\sechost.dll
0x00007ffeb9ef0000 - 0x00007ffeba008000 	C:\WINDOWS\System32\RPCRT4.dll
0x00007ffebb8d0000 - 0x00007ffebb950000 	C:\WINDOWS\System32\WS2_32.dll
0x00007ffeb8a70000 - 0x00007ffeb8ace000 	C:\WINDOWS\SYSTEM32\POWRPROF.dll
0x00007ffea87e0000 - 0x00007ffea8816000 	C:\WINDOWS\SYSTEM32\WINMM.dll
0x00007ffeb08d0000 - 0x00007ffeb08db000 	C:\WINDOWS\SYSTEM32\VERSION.dll
0x00007ffeb8940000 - 0x00007ffeb8954000 	C:\WINDOWS\SYSTEM32\UMPDC.dll
0x00007ffeb7970000 - 0x00007ffeb798b000 	C:\WINDOWS\SYSTEM32\kernel.appcore.dll
0x00007ffe86b80000 - 0x00007ffe86b8a000 	C:\Users\sambalele\.antigravity-ide\extensions\redhat.java-1.55.0-win32-x64\jre\21.0.11-win32-x86_64\bin\jimage.dll
0x00007ffeb6340000 - 0x00007ffeb6582000 	C:\WINDOWS\SYSTEM32\DBGHELP.DLL
0x00007ffebb030000 - 0x00007ffebb3b3000 	C:\WINDOWS\System32\combase.dll
0x00007ffebae40000 - 0x00007ffebaf19000 	C:\WINDOWS\System32\OLEAUT32.dll
0x00007ffe908e0000 - 0x00007ffe9091b000 	C:\WINDOWS\SYSTEM32\dbgcore.DLL
0x00007ffeb93d0000 - 0x00007ffeb947c000 	C:\WINDOWS\System32\bcryptPrimitives.dll
0x00007ffe618c0000 - 0x00007ffe618cf000 	C:\Users\sambalele\.antigravity-ide\extensions\redhat.java-1.55.0-win32-x64\jre\21.0.11-win32-x86_64\bin\instrument.dll
0x00007ffdba540000 - 0x00007ffdba560000 	C:\Users\sambalele\.antigravity-ide\extensions\redhat.java-1.55.0-win32-x64\jre\21.0.11-win32-x86_64\bin\java.dll
0x00007ffeba1f0000 - 0x00007ffeba982000 	C:\WINDOWS\System32\SHELL32.dll
0x00007ffeb6740000 - 0x00007ffeb6fd2000 	C:\WINDOWS\SYSTEM32\windows.storage.dll
0x00007ffeb97d0000 - 0x00007ffeb98c7000 	C:\WINDOWS\System32\SHCORE.dll
0x00007ffeba180000 - 0x00007ffeba1e7000 	C:\WINDOWS\System32\shlwapi.dll
0x00007ffeb8be0000 - 0x00007ffeb8c09000 	C:\WINDOWS\SYSTEM32\profapi.dll
0x00007ffd65050000 - 0x00007ffd65068000 	C:\Users\sambalele\.antigravity-ide\extensions\redhat.java-1.55.0-win32-x64\jre\21.0.11-win32-x86_64\bin\zip.dll
0x00007ffe652f0000 - 0x00007ffe65300000 	C:\Users\sambalele\.antigravity-ide\extensions\redhat.java-1.55.0-win32-x64\jre\21.0.11-win32-x86_64\bin\net.dll
0x00007ffeb0690000 - 0x00007ffeb07b7000 	C:\WINDOWS\SYSTEM32\WINHTTP.dll
0x00007ffeb7f50000 - 0x00007ffeb7fbc000 	C:\WINDOWS\system32\mswsock.dll
0x00007ffd79890000 - 0x00007ffd798a6000 	C:\Users\sambalele\.antigravity-ide\extensions\redhat.java-1.55.0-win32-x64\jre\21.0.11-win32-x86_64\bin\nio.dll
0x00007ffe58810000 - 0x00007ffe58820000 	C:\Users\sambalele\.antigravity-ide\extensions\redhat.java-1.55.0-win32-x64\jre\21.0.11-win32-x86_64\bin\verify.dll
0x00007ffe29f10000 - 0x00007ffe29f37000 	C:\Users\sambalele\.gradle\native\c067742578af261105cb4f569cf0c3c89f3d7b1fecec35dd04571415982c5e48\windows-amd64\native-platform.dll
0x00007ffcf1600000 - 0x00007ffcf1744000 	C:\Users\sambalele\.gradle\native\100fb08df4bc3b14c8652ba06237920a3bd2aa13389f12d3474272988ae205f9\windows-amd64\native-platform-file-events.dll
0x00007ffeb1c30000 - 0x00007ffeb1c3a000 	C:\Users\sambalele\.antigravity-ide\extensions\redhat.java-1.55.0-win32-x64\jre\21.0.11-win32-x86_64\bin\management.dll
0x00007ffeb1c20000 - 0x00007ffeb1c2c000 	C:\Users\sambalele\.antigravity-ide\extensions\redhat.java-1.55.0-win32-x64\jre\21.0.11-win32-x86_64\bin\management_ext.dll
0x00007ffebafe0000 - 0x00007ffebafe8000 	C:\WINDOWS\System32\PSAPI.DLL
0x00007ffeb8250000 - 0x00007ffeb826b000 	C:\WINDOWS\SYSTEM32\CRYPTSP.dll
0x00007ffeb78d0000 - 0x00007ffeb7909000 	C:\WINDOWS\system32\rsaenh.dll
0x00007ffeb8010000 - 0x00007ffeb8042000 	C:\WINDOWS\SYSTEM32\USERENV.dll
0x00007ffeb8bb0000 - 0x00007ffeb8bda000 	C:\WINDOWS\SYSTEM32\bcrypt.dll
0x00007ffeb8270000 - 0x00007ffeb827c000 	C:\WINDOWS\SYSTEM32\CRYPTBASE.dll
0x00007ffeb7310000 - 0x00007ffeb7343000 	C:\WINDOWS\SYSTEM32\IPHLPAPI.DLL
0x00007ffeb9ee0000 - 0x00007ffeb9eea000 	C:\WINDOWS\System32\NSI.dll
0x00007ffe358c0000 - 0x00007ffe358c9000 	C:\Users\sambalele\.antigravity-ide\extensions\redhat.java-1.55.0-win32-x64\jre\21.0.11-win32-x86_64\bin\extnet.dll
0x00007ffe6bec0000 - 0x00007ffe6bece000 	C:\Users\sambalele\.antigravity-ide\extensions\redhat.java-1.55.0-win32-x64\jre\21.0.11-win32-x86_64\bin\sunmscapi.dll
0x00007ffeb9490000 - 0x00007ffeb9608000 	C:\WINDOWS\System32\CRYPT32.dll
0x00007ffeb8490000 - 0x00007ffeb84c0000 	C:\WINDOWS\SYSTEM32\ncrypt.dll
0x00007ffeb8440000 - 0x00007ffeb847f000 	C:\WINDOWS\SYSTEM32\NTASN1.dll
0x00007ffe36bc0000 - 0x00007ffe36bc8000 	C:\WINDOWS\system32\wshunix.dll

JVMTI agents:
C:\Users\sambalele\.gradle\wrapper\dists\gradle-8.9-bin\90cnw93cvbtalezasaz0blq0a\gradle-8.9\lib\agents\gradle-instrumentation-agent-8.9.jar path:C:\Users\sambalele\.antigravity-ide\extensions\redhat.java-1.55.0-win32-x64\jre\21.0.11-win32-x86_64\bin\instrument.dll, loaded, initialized, instrumentlib options:none

dbghelp: loaded successfully - version: 4.0.5 - missing functions: none
symbol engine: initialized successfully - sym options: 0x614 - pdb path: .;C:\Users\sambalele\.antigravity-ide\extensions\redhat.java-1.55.0-win32-x64\jre\21.0.11-win32-x86_64\bin;C:\WINDOWS\SYSTEM32;C:\WINDOWS\WinSxS\amd64_microsoft.windows.common-controls_6595b64144ccf1df_6.0.26100.8875_none_3e0d5d42e32fe9dd;C:\Users\sambalele\.antigravity-ide\extensions\redhat.java-1.55.0-win32-x64\jre\21.0.11-win32-x86_64\bin\server;C:\Users\sambalele\.gradle\native\c067742578af261105cb4f569cf0c3c89f3d7b1fecec35dd04571415982c5e48\windows-amd64;C:\Users\sambalele\.gradle\native\100fb08df4bc3b14c8652ba06237920a3bd2aa13389f12d3474272988ae205f9\windows-amd64

VM Arguments:
jvm_args: --add-opens=java.base/java.util=ALL-UNNAMED --add-opens=java.base/java.lang=ALL-UNNAMED --add-opens=java.base/java.lang.invoke=ALL-UNNAMED --add-opens=java.prefs/java.util.prefs=ALL-UNNAMED --add-exports=jdk.compiler/com.sun.tools.javac.api=ALL-UNNAMED --add-exports=jdk.compiler/com.sun.tools.javac.util=ALL-UNNAMED --add-opens=java.base/java.nio.charset=ALL-UNNAMED --add-opens=java.base/java.net=ALL-UNNAMED --add-opens=java.base/java.util.concurrent.atomic=ALL-UNNAMED -XX:MaxMetaspaceSize=384m -XX:+HeapDumpOnOutOfMemoryError -Xms256m -Xmx512m -Dfile.encoding=utf8 -Duser.country=BR -Duser.language=pt -Duser.variant -javaagent:C:\Users\sambalele\.gradle\wrapper\dists\gradle-8.9-bin\90cnw93cvbtalezasaz0blq0a\gradle-8.9\lib\agents\gradle-instrumentation-agent-8.9.jar 
java_command: org.gradle.launcher.daemon.bootstrap.GradleDaemon 8.9
java_class_path (initial): C:\Users\sambalele\.gradle\wrapper\dists\gradle-8.9-bin\90cnw93cvbtalezasaz0blq0a\gradle-8.9\lib\gradle-daemon-main-8.9.jar
Launcher Type: SUN_STANDARD

[Global flags]
     intx CICompilerCount                          = 12                                        {product} {ergonomic}
   size_t CompressedClassSpaceSize                 = 335544320                                 {product} {ergonomic}
     uint ConcGCThreads                            = 3                                         {product} {ergonomic}
     uint G1ConcRefinementThreads                  = 13                                        {product} {ergonomic}
   size_t G1HeapRegionSize                         = 1048576                                   {product} {ergonomic}
    uintx GCDrainStackTargetSize                   = 64                                        {product} {ergonomic}
     bool HeapDumpOnOutOfMemoryError               = true                                   {manageable} {command line}
   size_t InitialHeapSize                          = 268435456                                 {product} {command line}
   size_t MarkStackSize                            = 4194304                                   {product} {ergonomic}
   size_t MaxHeapSize                              = 536870912                                 {product} {command line}
   size_t MaxMetaspaceSize                         = 402653184                                 {product} {command line}
   size_t MaxNewSize                               = 321912832                                 {product} {ergonomic}
   size_t MinHeapDeltaBytes                        = 1048576                                   {product} {ergonomic}
   size_t MinHeapSize                              = 268435456                                 {product} {command line}
    uintx NonNMethodCodeHeapSize                   = 7602480                                {pd product} {ergonomic}
    uintx NonProfiledCodeHeapSize                  = 122027880                              {pd product} {ergonomic}
    uintx ProfiledCodeHeapSize                     = 122027880                              {pd product} {ergonomic}
    uintx ReservedCodeCacheSize                    = 251658240                              {pd product} {ergonomic}
     bool SegmentedCodeCache                       = true                                      {product} {ergonomic}
   size_t SoftMaxHeapSize                          = 536870912                              {manageable} {ergonomic}
     bool UseCompressedOops                        = true                           {product lp64_product} {ergonomic}
     bool UseG1GC                                  = true                                      {product} {ergonomic}
     bool UseLargePagesIndividualAllocation        = false                                  {pd product} {ergonomic}

Logging:
Log output configuration:
 #0: stdout all=warning uptime,level,tags foldmultilines=false
 #1: stderr all=off uptime,level,tags foldmultilines=false

Release file:
JAVA_VERSION="21.0.11" 
MODULES="java.base java.compiler java.datatransfer java.xml java.prefs java.desktop java.instrument java.logging java.management java.security.sasl java.naming java.rmi java.management.rmi java.net.http java.scripting java.security.jgss java.transaction.xa java.sql java.sql.rowset java.xml.crypto java.se java.smartcardio jdk.accessibility jdk.internal.jvmstat jdk.attach jdk.charsets jdk.internal.opt jdk.zipfs jdk.compiler jdk.crypto.ec jdk.crypto.cryptoki jdk.crypto.mscapi jdk.dynalink jdk.internal.ed jdk.editpad jdk.hotspot.agent jdk.httpserver jdk.internal.le jdk.internal.vm.ci jdk.internal.vm.compiler jdk.internal.vm.compiler.management jdk.jartool jdk.javadoc jdk.jcmd jdk.management jdk.management.agent jdk.jconsole jdk.jdeps jdk.jdwp.agent jdk.jdi jdk.jfr jdk.jshell jdk.jsobject jdk.jstatd jdk.localedata jdk.management.jfr jdk.naming.dns jdk.naming.rmi jdk.net jdk.nio.mapmode jdk.random jdk.sctp jdk.security.auth jdk.security.jgss jdk.unsupported jdk.unsupported.desktop jdk.xml.dom" 

Environment Variables:
PATH=C:\Program Files\Common Files\Oracle\Java\javapath;C:\WINDOWS\system32;C:\WINDOWS;C:\WINDOWS\System32\Wbem;C:\WINDOWS\System32\WindowsPowerShell\v1.0\;C:\WINDOWS\System32\OpenSSH\;C:\Program Files\NVIDIA Corporation\NVIDIA App\NvDLISR;C:\Program Files\dotnet\;C:\Program Files (x86)\NVIDIA Corporation\PhysX\Common;C:\Program Files\nodejs\;C:\Program Files\Git\cmd;C:\Program Files\GitHub CLI\;C:\Users\sambalele\AppData\Local\Microsoft\WindowsApps;C:\Users\sambalele\AppData\Local\Programs\Antigravity\bin;C:\Users\sambalele\AppData\Roaming\npm;C:\Users\sambalele\AppData\Local\Programs\Microsoft VS Code\bin;C:\Users\sambalele\AppData\Local\cursor-agent;C:\Users\sambalele\AppData\Local\Python\bin;C:\Users\sambalele\AppData\Local\Programs\Antigravity IDE\bin;C:\Users\sambalele\AppData\Local\Microsoft\WinGet\Packages\Gyan.FFmpeg_Microsoft.Winget.Source_8wekyb3d8bbwe\ffmpeg-8.1.1-full_build\bin
USERNAME=sambalele
OS=Windows_NT
PROCESSOR_IDENTIFIER=AMD64 Family 25 Model 80 Stepping 0, AuthenticAMD
TMP=C:\Users\SAMBAL~1\AppData\Local\Temp
TEMP=C:\Users\SAMBAL~1\AppData\Local\Temp




Periodic native trim disabled

---------------  S Y S T E M  ---------------

OS:
 Windows 11 , 64 bit Build 26100 (10.0.26100.8875)
OS uptime: 0 days 5:28 hours
Hyper-V role detected

CPU: total 16 (initial active 16) (16 cores per cpu, 2 threads per core) family 25 model 80 stepping 0 microcode 0xa500014, cx8, cmov, fxsr, ht, mmx, 3dnowpref, sse, sse2, sse3, ssse3, sse4a, sse4.1, sse4.2, popcnt, lzcnt, tsc, tscinvbit, avx, avx2, aes, erms, clmul, bmi1, bmi2, adx, sha, fma, vzeroupper, clflush, clflushopt, hv, rdtscp, rdpid, fsrm, f16c, cet_ss
Processor Information for the first 16 processors :
  Max Mhz: 3801, Current Mhz: 3801, Mhz Limit: 3801

Memory: 4k page, system-wide physical 16173M (1824M free)
TotalPageFile size 65325M (AvailPageFile size 159M)
current process WorkingSet (physical memory assigned to process): 146M, peak: 438M
current process commit charge ("private bytes"): 526M, peak: 534M

vm_info: OpenJDK 64-Bit Server VM (21.0.11+10-LTS) for windows-amd64 JRE (21.0.11+10-LTS), built on 2026-04-21T00:00:00Z by "admin" with MS VC++ 17.12 (VS2022)

END.
